../Core/Src/main.c:101:5:main	24	static
../Core/Src/main.c:233:6:SystemClock_Config	96	static
../Core/Src/main.c:290:6:PeriphCommonClock_Config	160	static
../Core/Src/main.c:317:13:MX_ADC1_Init	32	static
../Core/Src/main.c:375:13:MX_DFSDM1_Init	8	static
../Core/Src/main.c:413:13:MX_I2C1_Init	8	static
../Core/Src/main.c:461:13:MX_I2C2_Init	8	static
../Core/Src/main.c:509:13:MX_OCTOSPI1_Init	32	static
../Core/Src/main.c:557:13:MX_SPI1_Init	8	static
../Core/Src/main.c:597:13:MX_SPI3_Init	8	static
../Core/Src/main.c:637:13:MX_UART4_Init	8	static
../Core/Src/main.c:685:13:MX_USART1_UART_Init	8	static
../Core/Src/main.c:733:13:MX_USART2_UART_Init	8	static
../Core/Src/main.c:781:13:MX_USART3_UART_Init	8	static
../Core/Src/main.c:829:13:MX_USB_OTG_FS_USB_Init	4	static
../Core/Src/main.c:850:13:MX_GPIO_Init	56	static
../Core/Src/main.c:989:13:MyLED2_init	4	static
../Core/Src/main.c:1022:13:MyButton_init	16	static
../Core/Src/main.c:1069:13:MyUART1_init	4	static
../Core/Src/main.c:1090:6:HAL_GPIO_EXTI_Callback	24	static
../Core/Src/main.c:1095:13:SOS_Transmit	32	static
../Core/Src/main.c:1165:13:UART_SendMsg	24	static
../Core/Src/main.c:1185:6:HAL_TIM_PeriodElapsedCallback	16	static
../Core/Src/main.c:1202:6:Error_Handler	4	static,ignoring_inline_asm
