../Core/Src/main.c:124:5:main	24	static
../Core/Src/main.c:281:6:SystemClock_Config	96	static
../Core/Src/main.c:338:6:PeriphCommonClock_Config	160	static
../Core/Src/main.c:365:13:MX_ADC1_Init	32	static
../Core/Src/main.c:423:13:MX_DFSDM1_Init	8	static
../Core/Src/main.c:461:13:MX_I2C1_Init	8	static
../Core/Src/main.c:509:13:MX_I2C2_Init	8	static
../Core/Src/main.c:557:13:MX_OCTOSPI1_Init	32	static
../Core/Src/main.c:605:13:MX_SPI1_Init	8	static
../Core/Src/main.c:645:13:MX_SPI3_Init	8	static
../Core/Src/main.c:685:13:MX_UART4_Init	8	static
../Core/Src/main.c:733:13:MX_USART1_UART_Init	8	static
../Core/Src/main.c:781:13:MX_USART2_UART_Init	8	static
../Core/Src/main.c:829:13:MX_USART3_UART_Init	8	static
../Core/Src/main.c:877:13:MX_USB_OTG_FS_USB_Init	4	static
../Core/Src/main.c:898:13:MX_GPIO_Init	56	static
../Core/Src/main.c:1037:13:MyLED2_init	4	static
../Core/Src/main.c:1070:13:MyButton_init	16	static
../Core/Src/main.c:1111:13:MyUART1_init	4	static
../Core/Src/main.c:1132:6:HAL_GPIO_EXTI_Callback	24	static
../Core/Src/main.c:1137:13:SOS_Transmit	32	static
../Core/Src/main.c:1223:13:UART_SendMsg	24	static
../Core/Src/main.c:1233:13:MyTSENSOR_init	24	static
../Core/Src/main.c:1275:13:TempSensorRead	144	static
../Core/Src/main.c:1300:14:MyTSENSOR_ReadTemp	48	static
../Core/Src/main.c:1362:13:TargetReceive	16	static
../Core/Src/main.c:1371:6:HAL_UART_RxCpltCallback	16	static
../Core/Src/main.c:1380:6:HAL_I2C_MemRxCpltCallback	16	static
../Core/Src/main.c:1386:6:HAL_I2C_MemTxCpltCallback	16	static
../Core/Src/main.c:1392:6:HAL_I2C_ListenCpltCallback	16	static
../Core/Src/main.c:1397:6:HAL_I2C_AddrCallback	16	static
../Core/Src/main.c:1411:6:HAL_I2C_SlaveRxCpltCallback	16	static
../Core/Src/main.c:1416:6:HAL_I2C_SlaveTxCpltCallback	16	static
../Core/Src/main.c:1430:6:HAL_TIM_PeriodElapsedCallback	16	static
../Core/Src/main.c:1447:6:Error_Handler	4	static,ignoring_inline_asm
