../Core/Src/main.c:123:5:main	24	static
../Core/Src/main.c:280:6:SystemClock_Config	96	static
../Core/Src/main.c:337:6:PeriphCommonClock_Config	160	static
../Core/Src/main.c:364:13:MX_ADC1_Init	32	static
../Core/Src/main.c:422:13:MX_DFSDM1_Init	8	static
../Core/Src/main.c:460:13:MX_I2C1_Init	8	static
../Core/Src/main.c:508:13:MX_I2C2_Init	8	static
../Core/Src/main.c:556:13:MX_OCTOSPI1_Init	32	static
../Core/Src/main.c:604:13:MX_SPI1_Init	8	static
../Core/Src/main.c:644:13:MX_SPI3_Init	8	static
../Core/Src/main.c:684:13:MX_UART4_Init	8	static
../Core/Src/main.c:732:13:MX_USART1_UART_Init	8	static
../Core/Src/main.c:780:13:MX_USART2_UART_Init	8	static
../Core/Src/main.c:828:13:MX_USART3_UART_Init	8	static
../Core/Src/main.c:876:13:MX_USB_OTG_FS_USB_Init	4	static
../Core/Src/main.c:897:13:MX_GPIO_Init	56	static
../Core/Src/main.c:1036:13:MyLED2_init	4	static
../Core/Src/main.c:1069:13:MyButton_init	16	static
../Core/Src/main.c:1110:13:MyUART1_init	4	static
../Core/Src/main.c:1131:6:HAL_GPIO_EXTI_Callback	24	static
../Core/Src/main.c:1136:13:SOS_Transmit	32	static
../Core/Src/main.c:1222:13:UART_SendMsg	24	static
../Core/Src/main.c:1232:13:MyTSENSOR_init	24	static
../Core/Src/main.c:1274:13:TempSensorRead	144	static
../Core/Src/main.c:1298:14:MyTSENSOR_ReadTemp	48	static
../Core/Src/main.c:1360:13:TargetReceive	16	static
../Core/Src/main.c:1369:6:HAL_UART_RxCpltCallback	16	static
../Core/Src/main.c:1378:6:HAL_I2C_MemRxCpltCallback	16	static
../Core/Src/main.c:1384:6:HAL_I2C_MemTxCpltCallback	16	static
../Core/Src/main.c:1390:6:HAL_I2C_ListenCpltCallback	16	static
../Core/Src/main.c:1395:6:HAL_I2C_AddrCallback	16	static
../Core/Src/main.c:1404:6:HAL_I2C_SlaveRxCpltCallback	16	static
../Core/Src/main.c:1418:6:HAL_TIM_PeriodElapsedCallback	16	static
../Core/Src/main.c:1435:6:Error_Handler	4	static,ignoring_inline_asm
