../BSP/st7735/st7735.c:122:13:ST7735_GPIO_Init	4	static
../BSP/st7735/st7735.c:144:13:ST7735_Reset	8	static
../BSP/st7735/st7735.c:151:13:ST7735_WriteCommand	16	static
../BSP/st7735/st7735.c:162:13:ST7735_WriteData	16	static
../BSP/st7735/st7735.c:174:13:ST7735_ExecuteCommandList	24	static
../BSP/st7735/st7735.c:204:13:ST7735_SetAddressWindow	32	static
../BSP/st7735/st7735.c:221:13:ST7735_WriteChar	48	static
../BSP/st7735/st7735.c:246:6:ST7735_Init	8	static
../BSP/st7735/st7735.c:258:6:ST7735_DrawPixel	24	static
../BSP/st7735/st7735.c:272:6:ST7735_DrawString	32	static
../BSP/st7735/st7735.c:302:6:ST7735_FillRectangle	32	static
../BSP/st7735/st7735.c:329:6:ST7735_FillScreen	24	static
../BSP/st7735/st7735.c:334:6:ST7735_DrawImage	24	static
../BSP/st7735/st7735.c:346:6:ST7735_DrawTouchGFX	56	dynamic
../BSP/st7735/st7735.c:370:6:ST7735_InvertColors	16	static
../BSP/st7735/st7735.c:377:6:ST7735_Backlight_On	8	static
../BSP/st7735/st7735.c:382:6:ST7735_Backlight_Off	8	static
../BSP/st7735/st7735.c:391:6:ST7735_DrawCircle	32	static
../BSP/st7735/st7735.c:431:6:ST7735_DrawCircleHelper	32	static
../BSP/st7735/st7735.c:477:6:ST7735_FillCircle	32	static
../BSP/st7735/st7735.c:488:6:ST7735_FillCircleHelper	32	static
../BSP/st7735/st7735.c:525:6:ST7735_DrawEllipse	48	static
../BSP/st7735/st7735.c:569:6:ST7735_FillEllipse	48	static
../BSP/st7735/st7735.c:613:6:ST7735_DrawRect	24	static
../BSP/st7735/st7735.c:626:6:ST7735_DrawRoundRect	32	static
../BSP/st7735/st7735.c:645:6:ST7735_FillRoundRect	32	static
../BSP/st7735/st7735.c:660:6:ST7735_DrawTriangle	32	static
../BSP/st7735/st7735.c:672:6:ST7735_FillTriangle	64	static
../BSP/st7735/st7735.c:755:6:ST7735_DrawLine	48	static
../BSP/st7735/st7735.c:809:6:ST7735_DrawFastVLine	32	static
../BSP/st7735/st7735.c:822:6:ST7735_DrawFastHLine	32	static
../BSP/st7735/st7735.c:835:6:ST7735_SetRotation	24	static
../BSP/st7735/st7735.c:889:9:ST7735_GetRotation	4	static
../BSP/st7735/st7735.c:894:9:ST7735_GetHeight	4	static
../BSP/st7735/st7735.c:899:9:ST7735_GetWidth	4	static
