../Core/Src/main.c:126:5:main	80	static
../Core/Src/main.c:291:6:SystemClock_Config	96	static
../Core/Src/main.c:348:6:PeriphCommonClock_Config	160	static
../Core/Src/main.c:375:13:MX_ADC1_Init	32	static
../Core/Src/main.c:433:13:MX_DFSDM1_Init	8	static
../Core/Src/main.c:471:13:MX_I2C1_Init	8	static
../Core/Src/main.c:519:13:MX_I2C2_Init	8	static
../Core/Src/main.c:567:13:MX_OCTOSPI1_Init	32	static
../Core/Src/main.c:615:13:MX_SPI1_Init	8	static
../Core/Src/main.c:655:13:MX_SPI3_Init	8	static
../Core/Src/main.c:695:13:MX_UART4_Init	8	static
../Core/Src/main.c:743:13:MX_USART1_UART_Init	8	static
../Core/Src/main.c:791:13:MX_USART2_UART_Init	8	static
../Core/Src/main.c:839:13:MX_USART3_UART_Init	8	static
../Core/Src/main.c:887:13:MX_USB_OTG_FS_USB_Init	4	static
../Core/Src/main.c:908:13:MX_GPIO_Init	56	static
../Core/Src/main.c:1047:13:MyLED2_init	4	static
../Core/Src/main.c:1080:13:MyButton_init	16	static
../Core/Src/main.c:1121:13:MyUART1_init	4	static
../Core/Src/main.c:1142:6:HAL_GPIO_EXTI_Callback	24	static
../Core/Src/main.c:1147:13:SOS_Transmit	32	static
../Core/Src/main.c:1233:13:UART_SendMsg	24	static
../Core/Src/main.c:1243:13:MyTSENSOR_init	24	static
../Core/Src/main.c:1285:13:TempSensorRead	144	static
../Core/Src/main.c:1309:14:MyTSENSOR_ReadTemp	48	static
../Core/Src/main.c:1371:13:LCDDisplay	96	static
../Core/Src/main.c:1391:6:HAL_UART_RxCpltCallback	16	static
../Core/Src/main.c:1400:6:HAL_I2C_MemRxCpltCallback	16	static
../Core/Src/main.c:1406:6:HAL_I2C_MemTxCpltCallback	16	static
../Core/Src/main.c:1422:6:HAL_TIM_PeriodElapsedCallback	16	static
../Core/Src/main.c:1439:6:Error_Handler	4	static,ignoring_inline_asm
