Archive member included to satisfy reference by file (symbol)

C:/ST/STM32CubeIDE_1.13.1/STM32CubeIDE/plugins/com.st.stm32cube.ide.mcu.externaltools.gnu-tools-for-stm32.11.3.rel1.win32_1.1.0.202305231506/tools/bin/../lib/gcc/arm-none-eabi/11.3.1/../../../../arm-none-eabi/lib/thumb/v7e-m+fp/hard\libc_nano.a(libc_a-exit.o)
                              C:/ST/STM32CubeIDE_1.13.1/STM32CubeIDE/plugins/com.st.stm32cube.ide.mcu.externaltools.gnu-tools-for-stm32.11.3.rel1.win32_1.1.0.202305231506/tools/bin/../lib/gcc/arm-none-eabi/11.3.1/../../../../arm-none-eabi/lib/thumb/v7e-m+fp/hard/crt0.o (exit)
C:/ST/STM32CubeIDE_1.13.1/STM32CubeIDE/plugins/com.st.stm32cube.ide.mcu.externaltools.gnu-tools-for-stm32.11.3.rel1.win32_1.1.0.202305231506/tools/bin/../lib/gcc/arm-none-eabi/11.3.1/../../../../arm-none-eabi/lib/thumb/v7e-m+fp/hard\libc_nano.a(libc_a-findfp.o)
                              C:/ST/STM32CubeIDE_1.13.1/STM32CubeIDE/plugins/com.st.stm32cube.ide.mcu.externaltools.gnu-tools-for-stm32.11.3.rel1.win32_1.1.0.202305231506/tools/bin/../lib/gcc/arm-none-eabi/11.3.1/../../../../arm-none-eabi/lib/thumb/v7e-m+fp/hard\libc_nano.a(libc_a-exit.o) (__stdio_exit_handler)
C:/ST/STM32CubeIDE_1.13.1/STM32CubeIDE/plugins/com.st.stm32cube.ide.mcu.externaltools.gnu-tools-for-stm32.11.3.rel1.win32_1.1.0.202305231506/tools/bin/../lib/gcc/arm-none-eabi/11.3.1/../../../../arm-none-eabi/lib/thumb/v7e-m+fp/hard\libc_nano.a(libc_a-fwalk.o)
                              C:/ST/STM32CubeIDE_1.13.1/STM32CubeIDE/plugins/com.st.stm32cube.ide.mcu.externaltools.gnu-tools-for-stm32.11.3.rel1.win32_1.1.0.202305231506/tools/bin/../lib/gcc/arm-none-eabi/11.3.1/../../../../arm-none-eabi/lib/thumb/v7e-m+fp/hard\libc_nano.a(libc_a-findfp.o) (_fwalk_sglue)
C:/ST/STM32CubeIDE_1.13.1/STM32CubeIDE/plugins/com.st.stm32cube.ide.mcu.externaltools.gnu-tools-for-stm32.11.3.rel1.win32_1.1.0.202305231506/tools/bin/../lib/gcc/arm-none-eabi/11.3.1/../../../../arm-none-eabi/lib/thumb/v7e-m+fp/hard\libc_nano.a(libc_a-snprintf.o)
                              ./Core/Src/main.o (snprintf)
C:/ST/STM32CubeIDE_1.13.1/STM32CubeIDE/plugins/com.st.stm32cube.ide.mcu.externaltools.gnu-tools-for-stm32.11.3.rel1.win32_1.1.0.202305231506/tools/bin/../lib/gcc/arm-none-eabi/11.3.1/../../../../arm-none-eabi/lib/thumb/v7e-m+fp/hard\libc_nano.a(libc_a-stdio.o)
                              C:/ST/STM32CubeIDE_1.13.1/STM32CubeIDE/plugins/com.st.stm32cube.ide.mcu.externaltools.gnu-tools-for-stm32.11.3.rel1.win32_1.1.0.202305231506/tools/bin/../lib/gcc/arm-none-eabi/11.3.1/../../../../arm-none-eabi/lib/thumb/v7e-m+fp/hard\libc_nano.a(libc_a-findfp.o) (__sread)
C:/ST/STM32CubeIDE_1.13.1/STM32CubeIDE/plugins/com.st.stm32cube.ide.mcu.externaltools.gnu-tools-for-stm32.11.3.rel1.win32_1.1.0.202305231506/tools/bin/../lib/gcc/arm-none-eabi/11.3.1/../../../../arm-none-eabi/lib/thumb/v7e-m+fp/hard\libc_nano.a(libc_a-memset.o)
                              C:/ST/STM32CubeIDE_1.13.1/STM32CubeIDE/plugins/com.st.stm32cube.ide.mcu.externaltools.gnu-tools-for-stm32.11.3.rel1.win32_1.1.0.202305231506/tools/bin/../lib/gcc/arm-none-eabi/11.3.1/../../../../arm-none-eabi/lib/thumb/v7e-m+fp/hard/crt0.o (memset)
C:/ST/STM32CubeIDE_1.13.1/STM32CubeIDE/plugins/com.st.stm32cube.ide.mcu.externaltools.gnu-tools-for-stm32.11.3.rel1.win32_1.1.0.202305231506/tools/bin/../lib/gcc/arm-none-eabi/11.3.1/../../../../arm-none-eabi/lib/thumb/v7e-m+fp/hard\libc_nano.a(libc_a-closer.o)
                              C:/ST/STM32CubeIDE_1.13.1/STM32CubeIDE/plugins/com.st.stm32cube.ide.mcu.externaltools.gnu-tools-for-stm32.11.3.rel1.win32_1.1.0.202305231506/tools/bin/../lib/gcc/arm-none-eabi/11.3.1/../../../../arm-none-eabi/lib/thumb/v7e-m+fp/hard\libc_nano.a(libc_a-stdio.o) (_close_r)
C:/ST/STM32CubeIDE_1.13.1/STM32CubeIDE/plugins/com.st.stm32cube.ide.mcu.externaltools.gnu-tools-for-stm32.11.3.rel1.win32_1.1.0.202305231506/tools/bin/../lib/gcc/arm-none-eabi/11.3.1/../../../../arm-none-eabi/lib/thumb/v7e-m+fp/hard\libc_nano.a(libc_a-reent.o)
                              C:/ST/STM32CubeIDE_1.13.1/STM32CubeIDE/plugins/com.st.stm32cube.ide.mcu.externaltools.gnu-tools-for-stm32.11.3.rel1.win32_1.1.0.202305231506/tools/bin/../lib/gcc/arm-none-eabi/11.3.1/../../../../arm-none-eabi/lib/thumb/v7e-m+fp/hard\libc_nano.a(libc_a-closer.o) (errno)
C:/ST/STM32CubeIDE_1.13.1/STM32CubeIDE/plugins/com.st.stm32cube.ide.mcu.externaltools.gnu-tools-for-stm32.11.3.rel1.win32_1.1.0.202305231506/tools/bin/../lib/gcc/arm-none-eabi/11.3.1/../../../../arm-none-eabi/lib/thumb/v7e-m+fp/hard\libc_nano.a(libc_a-impure.o)
                              C:/ST/STM32CubeIDE_1.13.1/STM32CubeIDE/plugins/com.st.stm32cube.ide.mcu.externaltools.gnu-tools-for-stm32.11.3.rel1.win32_1.1.0.202305231506/tools/bin/../lib/gcc/arm-none-eabi/11.3.1/../../../../arm-none-eabi/lib/thumb/v7e-m+fp/hard\libc_nano.a(libc_a-snprintf.o) (_impure_ptr)
[...]
Memory Configuration

Name             Origin             Length             Attributes
RAM              0x0000000020000000 0x00000000000a0000 xrw
RAM2             0x0000000010000000 0x0000000000010000 xrw
RAM3             0x0000000020040000 0x0000000000060000 xrw
FLASH            0x0000000008000000 0x0000000000200000 xr
*default*        0x0000000000000000 0xffffffffffffffff

Linker script and memory map

LOAD C:/ST/STM32CubeIDE_1.13.1/STM32CubeIDE/plugins/com.st.stm32cube.ide.mcu.externaltools.gnu-tools-for-stm32.11.3.rel1.win32_1.1.0.202305231506/tools/bin/../lib/gcc/arm-none-eabi/11.3.1/thumb/v7e-m+fp/hard/crti.o
LOAD C:/ST/STM32CubeIDE_1.13.1/STM32CubeIDE/plugins/com.st.stm32cube.ide.mcu.externaltools.gnu-tools-for-stm32.11.3.rel1.win32_1.1.0.202305231506/tools/bin/../lib/gcc/arm-none-eabi/11.3.1/thumb/v7e-m+fp/hard/crtbegin.o
LOAD C:/ST/STM32CubeIDE_1.13.1/STM32CubeIDE/plugins/com.st.stm32cube.ide.mcu.externaltools.gnu-tools-for-stm32.11.3.rel1.win32_1.1.0.202305231506/tools/bin/../lib/gcc/arm-none-eabi/11.3.1/../../../../arm-none-eabi/lib/thumb/v7e-m+fp/hard/crt0.o
LOAD ./3rdParty/FreeRTOS/Source/croutine.o
LOAD ./3rdParty/FreeRTOS/Source/event_groups.o
LOAD ./3rdParty/FreeRTOS/Source/list.o
LOAD ./3rdParty/FreeRTOS/Source/queue.o
LOAD ./3rdParty/FreeRTOS/Source/stream_buffer.o
LOAD ./3rdParty/FreeRTOS/Source/tasks.o
LOAD ./3rdParty/FreeRTOS/Source/timers.o
LOAD ./3rdParty/FreeRTOS/Source/portable/GCC/ARM_CM4F/port.o
LOAD ./3rdParty/FreeRTOS/Source/portable/MemMang/heap_4.o
LOAD ./BSP/st7735/fonts.o
LOAD ./BSP/st7735/st7735.o
LOAD ./Core/Src/main.o
LOAD ./Core/Src/stm32l4xx_hal_msp.o
LOAD ./Core/Src/stm32l4xx_hal_timebase_tim.o
LOAD ./Core/Src/stm32l4xx_it.o
LOAD ./Core/Src/syscalls.o
LOAD ./Core/Src/sysmem.o
LOAD ./Core/Src/system_stm32l4xx.o
LOAD ./Core/Startup/startup_stm32l4s5vitx.o
LOAD ./Drivers/STM32L4xx_HAL_Driver/Src/stm32l4xx_hal.o
LOAD ./Drivers/STM32L4xx_HAL_Driver/Src/stm32l4xx_hal_adc.o
LOAD ./Drivers/STM32L4xx_HAL_Driver/Src/stm32l4xx_hal_adc_ex.o
LOAD ./Drivers/STM32L4xx_HAL_Driver/Src/stm32l4xx_hal_cortex.o
LOAD ./Drivers/STM32L4xx_HAL_Driver/Src/stm32l4xx_hal_dfsdm.o
LOAD ./Drivers/STM32L4xx_HAL_Driver/Src/stm32l4xx_hal_dfsdm_ex.o
LOAD ./Drivers/STM32L4xx_HAL_Driver/Src/stm32l4xx_hal_dma.o
LOAD ./Drivers/STM32L4xx_HAL_Driver/Src/stm32l4xx_hal_dma_ex.o
LOAD ./Drivers/STM32L4xx_HAL_Driver/Src/stm32l4xx_hal_exti.o
LOAD ./Drivers/STM32L4xx_HAL_Driver/Src/stm32l4xx_hal_flash.o
LOAD ./Drivers/STM32L4xx_HAL_Driver/Src/stm32l4xx_hal_flash_ex.o
LOAD ./Drivers/STM32L4xx_HAL_Driver/Src/stm32l4xx_hal_flash_ramfunc.o
LOAD ./Drivers/STM32L4xx_HAL_Driver/Src/stm32l4xx_hal_gpio.o
LOAD ./Drivers/STM32L4xx_HAL_Driver/Src/stm32l4xx_hal_i2c.o
LOAD ./Drivers/STM32L4xx_HAL_Driver/Src/stm32l4xx_hal_i2c_ex.o
LOAD ./Drivers/STM32L4xx_HAL_Driver/Src/stm32l4xx_hal_ospi.o
LOAD ./Drivers/STM32L4xx_HAL_Driver/Src/stm32l4xx_hal_pwr.o
LOAD ./Drivers/STM32L4xx_HAL_Driver/Src/stm32l4xx_hal_pwr_ex.o
LOAD ./Drivers/STM32L4xx_HAL_Driver/Src/stm32l4xx_hal_rcc.o
LOAD ./Drivers/STM32L4xx_HAL_Driver/Src/stm32l4xx_hal_rcc_ex.o
LOAD ./Drivers/STM32L4xx_HAL_Driver/Src/stm32l4xx_hal_spi.o
LOAD ./Drivers/STM32L4xx_HAL_Driver/Src/stm32l4xx_hal_spi_ex.o
LOAD ./Drivers/STM32L4xx_HAL_Driver/Src/stm32l4xx_hal_tim.o
LOAD ./Drivers/STM32L4xx_HAL_Driver/Src/stm32l4xx_hal_tim_ex.o
LOAD ./Drivers/STM32L4xx_HAL_Driver/Src/stm32l4xx_hal_uart.o
LOAD ./Drivers/STM32L4xx_HAL_Driver/Src/stm32l4xx_hal_uart_ex.o
LOAD ./L4_IOT_Sensors/Drivers/BSP/B-L475E-IOT01/stm32l475e_iot01.o
LOAD ./L4_IOT_Sensors/Drivers/BSP/B-L475E-IOT01/stm32l475e_iot01_accelero.o
LOAD ./L4_IOT_Sensors/Drivers/BSP/B-L475E-IOT01/stm32l475e_iot01_gyro.o
LOAD ./L4_IOT_Sensors/Drivers/BSP/B-L475E-IOT01/stm32l475e_iot01_hsensor.o
LOAD ./L4_IOT_Sensors/Drivers/BSP/B-L475E-IOT01/stm32l475e_iot01_magneto.o
LOAD ./L4_IOT_Sensors/Drivers/BSP/B-L475E-IOT01/stm32l475e_iot01_psensor.o
LOAD ./L4_IOT_Sensors/Drivers/BSP/B-L475E-IOT01/stm32l475e_iot01_tsensor.o
LOAD ./L4_IOT_Sensors/Drivers/BSP/Components/hts221/hts221.o
START GROUP
LOAD C:/ST/STM32CubeIDE_1.13.1/STM32CubeIDE/plugins/com.st.stm32cube.ide.mcu.externaltools.gnu-tools-for-stm32.11.3.rel1.win32_1.1.0.202305231506/tools/bin/../lib/gcc/arm-none-eabi/11.3.1/../../../../arm-none-eabi/lib/thumb/v7e-m+fp/hard\libc_nano.a
LOAD C:/ST/STM32CubeIDE_1.13.1/STM32CubeIDE/plugins/com.st.stm32cube.ide.mcu.externaltools.gnu-tools-for-stm32.11.3.rel1.win32_1.1.0.202305231506/tools/bin/../lib/gcc/arm-none-eabi/11.3.1/../../../../arm-none-eabi/lib/thumb/v7e-m+fp/hard\libm.a
END GROUP
START GROUP
LOAD C:/ST/STM32CubeIDE_1.13.1/STM32CubeIDE/plugins/com.st.stm32cube.ide.mcu.externaltools.gnu-tools-for-stm32.11.3.rel1.win32_1.1.0.202305231506/tools/bin/../lib/gcc/arm-none-eabi/11.3.1/thumb/v7e-m+fp/hard\libgcc.a
LOAD C:/ST/STM32CubeIDE_1.13.1/STM32CubeIDE/plugins/com.st.stm32cube.ide.mcu.externaltools.gnu-tools-for-stm32.11.3.rel1.win32_1.1.0.202305231506/tools/bin/../lib/gcc/arm-none-eabi/11.3.1/../../../../arm-none-eabi/lib/thumb/v7e-m+fp/hard\libc_nano.a
END GROUP
START GROUP
LOAD C:/ST/STM32CubeIDE_1.13.1/STM32CubeIDE/plugins/com.st.stm32cube.ide.mcu.externaltools.gnu-tools-for-stm32.11.3.rel1.win32_1.1.0.202305231506/tools/bin/../lib/gcc/arm-none-eabi/11.3.1/thumb/v7e-m+fp/hard\libgcc.a
LOAD C:/ST/STM32CubeIDE_1.13.1/STM32CubeIDE/plugins/com.st.stm32cube.ide.mcu.externaltools.gnu-tools-for-stm32.11.3.rel1.win32_1.1.0.202305231506/tools/bin/../lib/gcc/arm-none-eabi/11.3.1/../../../../arm-none-eabi/lib/thumb/v7e-m+fp/hard\libc_nano.a
LOAD C:/ST/STM32CubeIDE_1.13.1/STM32CubeIDE/plugins/com.st.stm32cube.ide.mcu.externaltools.gnu-tools-for-stm32.11.3.rel1.win32_1.1.0.202305231506/tools/bin/../lib/gcc/arm-none-eabi/11.3.1/../../../../arm-none-eabi/lib/thumb/v7e-m+fp/hard\libnosys.a
END GROUP
START GROUP
LOAD C:/ST/STM32CubeIDE_1.13.1/STM32CubeIDE/plugins/com.st.stm32cube.ide.mcu.externaltools.gnu-tools-for-stm32.11.3.rel1.win32_1.1.0.202305231506/tools/bin/../lib/gcc/arm-none-eabi/11.3.1/thumb/v7e-m+fp/hard\libgcc.a
LOAD C:/ST/STM32CubeIDE_1.13.1/STM32CubeIDE/plugins/com.st.stm32cube.ide.mcu.externaltools.gnu-tools-for-stm32.11.3.rel1.win32_1.1.0.202305231506/tools/bin/../lib/gcc/arm-none-eabi/11.3.1/../../../../arm-none-eabi/lib/thumb/v7e-m+fp/hard\libc_nano.a
LOAD C:/ST/STM32CubeIDE_1.13.1/STM32CubeIDE/plugins/com.st.stm32cube.ide.mcu.externaltools.gnu-tools-for-stm32.11.3.rel1.win32_1.1.0.202305231506/tools/bin/../lib/gcc/arm-none-eabi/11.3.1/../../../../arm-none-eabi/lib/thumb/v7e-m+fp/hard\libnosys.a
END GROUP
LOAD C:/ST/STM32CubeIDE_1.13.1/STM32CubeIDE/plugins/com.st.stm32cube.ide.mcu.externaltools.gnu-tools-for-stm32.11.3.rel1.win32_1.1.0.202305231506/tools/bin/../lib/gcc/arm-none-eabi/11.3.1/thumb/v7e-m+fp/hard/crtend.o
LOAD C:/ST/STM32CubeIDE_1.13.1/STM32CubeIDE/plugins/com.st.stm32cube.ide.mcu.externaltools.gnu-tools-for-stm32.11.3.rel1.win32_1.1.0.202305231506/tools/bin/../lib/gcc/arm-none-eabi/11.3.1/thumb/v7e-m+fp/hard/crtn.o
                0x00000000200a0000                _estack = (ORIGIN (RAM) + LENGTH (RAM))
                0x0000000000000200                _Min_Heap_Size = 0x200
                0x0000000000000400                _Min_Stack_Size = 0x400

.isr_vector     0x0000000008000000      0x1bc
                0x0000000008000000                . = ALIGN (0x4)
 *(.isr_vector)
 .isr_vector    0x0000000008000000      0x1bc ./Core/Startup/startup_stm32l4s5vitx.o
                0x0000000008000000                g_pfnVectors
                0x00000000080001bc                . = ALIGN (0x4)

.text           0x00000000080001c0     0xa2c4
                0x00000000080001c0                . = ALIGN (0x4)
 *(.text)
 .text          0x00000000080001c0       0x40 C:/ST/STM32CubeIDE_1.13.1/STM32CubeIDE/plugins/com.st.stm32cube.ide.mcu.externaltools.gnu-tools-for-stm32.11.3.rel1.win32_1.1.0.202305231506/tools/bin/../lib/gcc/arm-none-eabi/11.3.1/thumb/v7e-m+fp/hard/crtbegin.o
 .text          0x0000000008000200       0x10 C:/ST/STM32CubeIDE_1.13.1/STM32CubeIDE/plugins/com.st.stm32cube.ide.mcu.externaltools.gnu-tools-for-stm32.11.3.rel1.win32_1.1.0.202305231506/tools/bin/../lib/gcc/arm-none-eabi/11.3.1/../../../../arm-none-eabi/lib/thumb/v7e-m+fp/hard\libc_nano.a(libc_a-strlen.o)
                0x0000000008000200                strlen
 .text          0x0000000008000210       0x30 C:/ST/STM32CubeIDE_1.13.1/STM32CubeIDE/plugins/com.st.stm32cube.ide.mcu.externaltools.gnu-tools-for-stm32.11.3.rel1.win32_1.1.0.202305231506/tools/bin/../lib/gcc/arm-none-eabi/11.3.1/thumb/v7e-m+fp/hard\libgcc.a(_aeabi_uldivmod.o)
                0x0000000008000210                __aeabi_uldivmod
 .text          0x0000000008000240      0x2c8 C:/ST/STM32CubeIDE_1.13.1/STM32CubeIDE/plugins/com.st.stm32cube.ide.mcu.externaltools.gnu-tools-for-stm32.11.3.rel1.win32_1.1.0.202305231506/tools/bin/../lib/gcc/arm-none-eabi/11.3.1/thumb/v7e-m+fp/hard\libgcc.a(_udivmoddi4.o)
                0x0000000008000240                __udivmoddi4
 .text          0x0000000008000508        0x4 C:/ST/STM32CubeIDE_1.13.1/STM32CubeIDE/plugins/com.st.stm32cube.ide.mcu.externaltools.gnu-tools-for-stm32.11.3.rel1.win32_1.1.0.202305231506/tools/bin/../lib/gcc/arm-none-eabi/11.3.1/thumb/v7e-m+fp/hard\libgcc.a(_dvmd_tls.o)
                0x0000000008000508                __aeabi_idiv0
                0x0000000008000508                __aeabi_ldiv0
 *(.text*)
 .text.vListInitialise
                0x000000000800050c       0x40 ./3rdParty/FreeRTOS/Source/list.o
                0x000000000800050c                vListInitialise
 .text.vListInitialiseItem
                0x000000000800054c       0x1a ./3rdParty/FreeRTOS/Source/list.o
                0x000000000800054c                vListInitialiseItem
 .text.vListInsert
                0x0000000008000566       0x72 ./3rdParty/FreeRTOS/Source/list.o
                0x0000000008000566                vListInsert
 .text.uxListRemove
                0x00000000080005d8       0x54 ./3rdParty/FreeRTOS/Source/list.o
                0x00000000080005d8                uxListRemove
 .text.xTaskCreate
                0x000000000800062c       0x8c ./3rdParty/FreeRTOS/Source/tasks.o
                0x000000000800062c                xTaskCreate
 .text.prvInitialiseNewTask
                0x00000000080006b8      0x10c ./3rdParty/FreeRTOS/Source/tasks.o
 .text.prvAddNewTaskToReadyList
                0x00000000080007c4      0x124 ./3rdParty/FreeRTOS/Source/tasks.o
 .text.vTaskDelay
                0x00000000080008e8       0x68 ./3rdParty/FreeRTOS/Source/tasks.o
                0x00000000080008e8                vTaskDelay
 .text.vTaskStartScheduler
                0x0000000008000950       0x98 ./3rdParty/FreeRTOS/Source/tasks.o
                0x0000000008000950                vTaskStartScheduler
 .text.vTaskSuspendAll
                0x00000000080009e8       0x1c ./3rdParty/FreeRTOS/Source/tasks.o
                0x00000000080009e8                vTaskSuspendAll
 .text.xTaskResumeAll
                0x0000000008000a04      0x1f8 ./3rdParty/FreeRTOS/Source/tasks.o
                0x0000000008000a04                xTaskResumeAll
 .text.xTaskGetTickCount
                0x0000000008000bfc       0x20 ./3rdParty/FreeRTOS/Source/tasks.o
                0x0000000008000bfc                xTaskGetTickCount
 .text.xTaskIncrementTick
                0x0000000008000c1c      0x22c ./3rdParty/FreeRTOS/Source/tasks.o
                0x0000000008000c1c                xTaskIncrementTick
 .text.vTaskSwitchContext
                0x0000000008000e48       0xb8 ./3rdParty/FreeRTOS/Source/tasks.o
                0x0000000008000e48                vTaskSwitchContext
 .text.prvIdleTask
                0x0000000008000f00       0x30 ./3rdParty/FreeRTOS/Source/tasks.o
 .text.prvInitialiseTaskLists
                0x0000000008000f30       0x80 ./3rdParty/FreeRTOS/Source/tasks.o
 .text.prvCheckTasksWaitingTermination
                0x0000000008000fb0       0x5c ./3rdParty/FreeRTOS/Source/tasks.o
 .text.prvDeleteTCB
                0x000000000800100c       0x20 ./3rdParty/FreeRTOS/Source/tasks.o
 .text.prvResetNextTaskUnblockTime
                0x000000000800102c       0x38 ./3rdParty/FreeRTOS/Source/tasks.o
 .text.xTaskGenericNotifyFromISR
                0x0000000008001064      0x2c4 ./3rdParty/FreeRTOS/Source/tasks.o
                0x0000000008001064                xTaskGenericNotifyFromISR
 .text.prvAddCurrentTaskToDelayedList
                0x0000000008001328      0x100 ./3rdParty/FreeRTOS/Source/tasks.o
 .text.pxPortInitialiseStack
                0x0000000008001428       0x68 ./3rdParty/FreeRTOS/Source/portable/GCC/ARM_CM4F/port.o
                0x0000000008001428                pxPortInitialiseStack
 .text.prvTaskExitError
                0x0000000008001490       0x58 ./3rdParty/FreeRTOS/Source/portable/GCC/ARM_CM4F/port.o
 *fill*         0x00000000080014e8        0x8 
 .text.SVC_Handler
                0x00000000080014f0       0x28 ./3rdParty/FreeRTOS/Source/portable/GCC/ARM_CM4F/port.o
                0x00000000080014f0                SVC_Handler
 .text.prvPortStartFirstTask
                0x0000000008001518       0x2c ./3rdParty/FreeRTOS/Source/portable/GCC/ARM_CM4F/port.o
 .text.xPortStartScheduler
                0x0000000008001544      0x144 ./3rdParty/FreeRTOS/Source/portable/GCC/ARM_CM4F/port.o
                0x0000000008001544                xPortStartScheduler
 .text.vPortEnterCritical
                0x0000000008001688       0x60 ./3rdParty/FreeRTOS/Source/portable/GCC/ARM_CM4F/port.o
                0x0000000008001688                vPortEnterCritical
 .text.vPortExitCritical
                0x00000000080016e8       0x54 ./3rdParty/FreeRTOS/Source/portable/GCC/ARM_CM4F/port.o
                0x00000000080016e8                vPortExitCritical
 *fill*         0x000000000800173c        0x4 
 .text.PendSV_Handler
                0x0000000008001740       0x68 ./3rdParty/FreeRTOS/Source/portable/GCC/ARM_CM4F/port.o
                0x0000000008001740                PendSV_Handler
 .text.SysTick_Handler
                0x00000000080017a8       0x44 ./3rdParty/FreeRTOS/Source/portable/GCC/ARM_CM4F/port.o
                0x00000000080017a8                SysTick_Handler
 .text.vPortSetupTimerInterrupt
                0x00000000080017ec       0x48 ./3rdParty/FreeRTOS/Source/portable/GCC/ARM_CM4F/port.o
                0x00000000080017ec                vPortSetupTimerInterrupt
 .text.vPortEnableVFP
                0x0000000008001834       0x18 ./3rdParty/FreeRTOS/Source/portable/GCC/ARM_CM4F/port.o
 .text.vPortValidateInterruptPriority
                0x000000000800184c       0x80 ./3rdParty/FreeRTOS/Source/portable/GCC/ARM_CM4F/port.o
                0x000000000800184c                vPortValidateInterruptPriority
 .text.pvPortMalloc
                0x00000000080018cc      0x174 ./3rdParty/FreeRTOS/Source/portable/MemMang/heap_4.o
                0x00000000080018cc                pvPortMalloc
 .text.vPortFree
                0x0000000008001a40       0xb8 ./3rdParty/FreeRTOS/Source/portable/MemMang/heap_4.o
                0x0000000008001a40                vPortFree
 .text.prvHeapInit
                0x0000000008001af8       0xb8 ./3rdParty/FreeRTOS/Source/portable/MemMang/heap_4.o
 .text.prvInsertBlockIntoFreeList
                0x0000000008001bb0       0xb4 ./3rdParty/FreeRTOS/Source/portable/MemMang/heap_4.o
 .text.ST7735_Reset
                0x0000000008001c64       0x26 ./BSP/st7735/st7735.o
 *fill*         0x0000000008001c8a        0x2 
 .text.ST7735_WriteCommand
                0x0000000008001c8c       0x34 ./BSP/st7735/st7735.o
 .text.ST7735_WriteData
                0x0000000008001cc0       0x34 ./BSP/st7735/st7735.o
 .text.ST7735_ExecuteCommandList
                0x0000000008001cf4       0x92 ./BSP/st7735/st7735.o
 *fill*         0x0000000008001d86        0x2 
 .text.ST7735_SetAddressWindow
                0x0000000008001d88       0x90 ./BSP/st7735/st7735.o
 .text.ST7735_WriteChar
                0x0000000008001e18       0xee ./BSP/st7735/st7735.o
 *fill*         0x0000000008001f06        0x2 
 .text.ST7735_Init
                0x0000000008001f08       0x44 ./BSP/st7735/st7735.o
                0x0000000008001f08                ST7735_Init
 .text.ST7735_DrawString
                0x0000000008001f4c       0xb8 ./BSP/st7735/st7735.o
                0x0000000008001f4c                ST7735_DrawString
 .text.ST7735_FillRectangle
                0x0000000008002004      0x120 ./BSP/st7735/st7735.o
                0x0000000008002004                ST7735_FillRectangle
 .text.ST7735_FillScreen
                0x0000000008002124       0x38 ./BSP/st7735/st7735.o
                0x0000000008002124                ST7735_FillScreen
 .text.ST7735_Backlight_On
                0x000000000800215c       0x16 ./BSP/st7735/st7735.o
                0x000000000800215c                ST7735_Backlight_On
 *fill*         0x0000000008002172        0x2 
 .text.main     0x0000000008002174      0x138 ./Core/Src/main.o
                0x0000000008002174                main
 .text.SystemClock_Config
                0x00000000080022ac       0xbc ./Core/Src/main.o
                0x00000000080022ac                SystemClock_Config
 .text.PeriphCommonClock_Config
                0x0000000008002368       0x5e ./Core/Src/main.o
                0x0000000008002368                PeriphCommonClock_Config
 *fill*         0x00000000080023c6        0x2 
 .text.MX_ADC1_Init
                0x00000000080023c8       0xc8 ./Core/Src/main.o
 .text.MX_DFSDM1_Init
                0x0000000008002490       0x70 ./Core/Src/main.o
 .text.MX_I2C1_Init
                0x0000000008002500       0x7c ./Core/Src/main.o
 .text.MX_I2C2_Init
                0x000000000800257c       0x7c ./Core/Src/main.o
 .text.MX_OCTOSPI1_Init
                0x00000000080025f8       0xac ./Core/Src/main.o
 .text.MX_SPI1_Init
                0x00000000080026a4       0x7c ./Core/Src/main.o
 .text.MX_SPI3_Init
                0x0000000008002720       0x7c ./Core/Src/main.o
 .text.MX_UART4_Init
                0x000000000800279c       0x98 ./Core/Src/main.o
 .text.MX_USART1_UART_Init
                0x0000000008002834       0x98 ./Core/Src/main.o
 .text.MX_USART2_UART_Init
                0x00000000080028cc       0x9c ./Core/Src/main.o
 .text.MX_USART3_UART_Init
                0x0000000008002968       0x98 ./Core/Src/main.o
 .text.MX_USB_OTG_FS_USB_Init
                0x0000000008002a00        0xe ./Core/Src/main.o
 *fill*         0x0000000008002a0e        0x2 
 .text.MX_GPIO_Init
                0x0000000008002a10      0x2a4 ./Core/Src/main.o
 .text.MyLED2_init
                0x0000000008002cb4       0x64 ./Core/Src/main.o
 .text.MyButton_init
                0x0000000008002d18       0x90 ./Core/Src/main.o
 .text.MyUART1_init
                0x0000000008002da8       0x94 ./Core/Src/main.o
 .text.HAL_GPIO_EXTI_Callback
                0x0000000008002e3c       0x2c ./Core/Src/main.o
                0x0000000008002e3c                HAL_GPIO_EXTI_Callback
 .text.SOS_Transmit
                0x0000000008002e68       0xec ./Core/Src/main.o
 .text.LCDDisplay
                0x0000000008002f54       0xb8 ./Core/Src/main.o
 .text.HAL_TIM_PeriodElapsedCallback
                0x000000000800300c       0x24 ./Core/Src/main.o
                0x000000000800300c                HAL_TIM_PeriodElapsedCallback
 .text.Error_Handler
                0x0000000008003030        0xa ./Core/Src/main.o
                0x0000000008003030                Error_Handler
 *fill*         0x000000000800303a        0x2 
 .text.HAL_MspInit
                0x000000000800303c       0x48 ./Core/Src/stm32l4xx_hal_msp.o
                0x000000000800303c                HAL_MspInit
 .text.HAL_ADC_MspInit
                0x0000000008003084       0x80 ./Core/Src/stm32l4xx_hal_msp.o
                0x0000000008003084                HAL_ADC_MspInit
 .text.HAL_DFSDM_ChannelMspInit
                0x0000000008003104       0xc8 ./Core/Src/stm32l4xx_hal_msp.o
                0x0000000008003104                HAL_DFSDM_ChannelMspInit
 .text.HAL_I2C_MspInit
                0x00000000080031cc      0x164 ./Core/Src/stm32l4xx_hal_msp.o
                0x00000000080031cc                HAL_I2C_MspInit
 .text.HAL_OSPI_MspInit
                0x0000000008003330       0xd8 ./Core/Src/stm32l4xx_hal_msp.o
                0x0000000008003330                HAL_OSPI_MspInit
 .text.HAL_SPI_MspInit
                0x0000000008003408       0xec ./Core/Src/stm32l4xx_hal_msp.o
                0x0000000008003408                HAL_SPI_MspInit
 .text.HAL_UART_MspInit
                0x00000000080034f4      0x264 ./Core/Src/stm32l4xx_hal_msp.o
                0x00000000080034f4                HAL_UART_MspInit
 .text.HAL_InitTick
                0x0000000008003758       0xf4 ./Core/Src/stm32l4xx_hal_timebase_tim.o
                0x0000000008003758                HAL_InitTick
 .text.NMI_Handler
                0x000000000800384c        0x6 ./Core/Src/stm32l4xx_it.o
                0x000000000800384c                NMI_Handler
 .text.HardFault_Handler
                0x0000000008003852        0x6 ./Core/Src/stm32l4xx_it.o
                0x0000000008003852                HardFault_Handler
 .text.MemManage_Handler
                0x0000000008003858        0x6 ./Core/Src/stm32l4xx_it.o
                0x0000000008003858                MemManage_Handler
 .text.BusFault_Handler
                0x000000000800385e        0x6 ./Core/Src/stm32l4xx_it.o
                0x000000000800385e                BusFault_Handler
 .text.UsageFault_Handler
                0x0000000008003864        0x6 ./Core/Src/stm32l4xx_it.o
                0x0000000008003864                UsageFault_Handler
 .text.DebugMon_Handler
                0x000000000800386a        0xe ./Core/Src/stm32l4xx_it.o
                0x000000000800386a                DebugMon_Handler
 .text.EXTI9_5_IRQHandler
                0x0000000008003878       0x22 ./Core/Src/stm32l4xx_it.o
                0x0000000008003878                EXTI9_5_IRQHandler
 *fill*         0x000000000800389a        0x2 
 .text.I2C2_EV_IRQHandler
                0x000000000800389c       0x14 ./Core/Src/stm32l4xx_it.o
                0x000000000800389c                I2C2_EV_IRQHandler
 .text.I2C2_ER_IRQHandler
                0x00000000080038b0       0x14 ./Core/Src/stm32l4xx_it.o
                0x00000000080038b0                I2C2_ER_IRQHandler
 .text.USART1_IRQHandler
                0x00000000080038c4       0x14 ./Core/Src/stm32l4xx_it.o
                0x00000000080038c4                USART1_IRQHandler
 .text.EXTI15_10_IRQHandler
                0x00000000080038d8       0x38 ./Core/Src/stm32l4xx_it.o
                0x00000000080038d8                EXTI15_10_IRQHandler
 .text.TIM6_DAC_IRQHandler
                0x0000000008003910       0x14 ./Core/Src/stm32l4xx_it.o
                0x0000000008003910                TIM6_DAC_IRQHandler
 .text.SystemInit
                0x0000000008003924       0x24 ./Core/Src/system_stm32l4xx.o
                0x0000000008003924                SystemInit
 .text.Reset_Handler
                0x0000000008003948       0x50 ./Core/Startup/startup_stm32l4s5vitx.o
                0x0000000008003948                Reset_Handler
 .text.Default_Handler
                0x0000000008003998        0x2 ./Core/Startup/startup_stm32l4s5vitx.o
                0x0000000008003998                RTC_Alarm_IRQHandler
                0x0000000008003998                EXTI2_IRQHandler
                0x0000000008003998                TIM8_TRG_COM_IRQHandler
                0x0000000008003998                TIM8_CC_IRQHandler
                0x0000000008003998                TIM1_CC_IRQHandler
                0x0000000008003998                TSC_IRQHandler
                0x0000000008003998                TAMP_STAMP_IRQHandler
                0x0000000008003998                EXTI3_IRQHandler
                0x0000000008003998                LPTIM2_IRQHandler
                0x0000000008003998                DFSDM1_FLT1_IRQHandler
                0x0000000008003998                GFXMMU_IRQHandler
                0x0000000008003998                I2C3_ER_IRQHandler
                0x0000000008003998                DFSDM1_FLT2_IRQHandler
                0x0000000008003998                EXTI0_IRQHandler
                0x0000000008003998                CAN1_RX0_IRQHandler
                0x0000000008003998                FPU_IRQHandler
                0x0000000008003998                TIM1_UP_TIM16_IRQHandler
                0x0000000008003998                LTDC_ER_IRQHandler
                0x0000000008003998                SPI1_IRQHandler
                0x0000000008003998                OCTOSPI1_IRQHandler
                0x0000000008003998                DCMI_IRQHandler
                0x0000000008003998                TIM8_UP_IRQHandler
                0x0000000008003998                OCTOSPI2_IRQHandler
                0x0000000008003998                DMA2_Channel2_IRQHandler
                0x0000000008003998                DMA1_Channel4_IRQHandler
                0x0000000008003998                SAI2_IRQHandler
                0x0000000008003998                ADC1_IRQHandler
                0x0000000008003998                DFSDM1_FLT3_IRQHandler
                0x0000000008003998                USART3_IRQHandler
                0x0000000008003998                DMA1_Channel7_IRQHandler
                0x0000000008003998                CAN1_RX1_IRQHandler
                0x0000000008003998                UART5_IRQHandler
                0x0000000008003998                TIM4_IRQHandler
                0x0000000008003998                DMA2_Channel1_IRQHandler
                0x0000000008003998                I2C1_EV_IRQHandler
                0x0000000008003998                DMAMUX1_OVR_IRQHandler
                0x0000000008003998                DMA1_Channel6_IRQHandler
                0x0000000008003998                UART4_IRQHandler
                0x0000000008003998                DMA2_Channel4_IRQHandler
                0x0000000008003998                TIM3_IRQHandler
                0x0000000008003998                RCC_IRQHandler
                0x0000000008003998                DMA1_Channel1_IRQHandler
                0x0000000008003998                Default_Handler
                0x0000000008003998                DMA2_Channel7_IRQHandler
                0x0000000008003998                TIM7_IRQHandler
                0x0000000008003998                SDMMC1_IRQHandler
                0x0000000008003998                TIM5_IRQHandler
                0x0000000008003998                I2C3_EV_IRQHandler
                0x0000000008003998                RTC_WKUP_IRQHandler
                0x0000000008003998                LTDC_IRQHandler
                0x0000000008003998                PVD_PVM_IRQHandler
                0x0000000008003998                SPI2_IRQHandler
                0x0000000008003998                CAN1_TX_IRQHandler
                0x0000000008003998                DMA2_Channel5_IRQHandler
                0x0000000008003998                DMA1_Channel5_IRQHandler
                0x0000000008003998                EXTI4_IRQHandler
                0x0000000008003998                RNG_IRQHandler
                0x0000000008003998                TIM1_TRG_COM_TIM17_IRQHandler
                0x0000000008003998                DMA1_Channel3_IRQHandler
                0x0000000008003998                COMP_IRQHandler
                0x0000000008003998                HASH_CRS_IRQHandler
                0x0000000008003998                WWDG_IRQHandler
                0x0000000008003998                I2C4_EV_IRQHandler
                0x0000000008003998                LPUART1_IRQHandler
                0x0000000008003998                DMA2_Channel6_IRQHandler
                0x0000000008003998                TIM2_IRQHandler
                0x0000000008003998                DMA2D_IRQHandler
                0x0000000008003998                EXTI1_IRQHandler
                0x0000000008003998                AES_IRQHandler
                0x0000000008003998                USART2_IRQHandler
                0x0000000008003998                DFSDM1_FLT0_IRQHandler
                0x0000000008003998                DMA1_Channel2_IRQHandler
                0x0000000008003998                TIM8_BRK_IRQHandler
                0x0000000008003998                CAN1_SCE_IRQHandler
                0x0000000008003998                FLASH_IRQHandler
                0x0000000008003998                OTG_FS_IRQHandler
                0x0000000008003998                SPI3_IRQHandler
                0x0000000008003998                I2C1_ER_IRQHandler
                0x0000000008003998                FMC_IRQHandler
                0x0000000008003998                LPTIM1_IRQHandler
                0x0000000008003998                I2C4_ER_IRQHandler
                0x0000000008003998                SAI1_IRQHandler
                0x0000000008003998                DMA2_Channel3_IRQHandler
                0x0000000008003998                TIM1_BRK_TIM15_IRQHandler
 .text.HAL_Init
                0x000000000800399a       0x30 ./Drivers/STM32L4xx_HAL_Driver/Src/stm32l4xx_hal.o
                0x000000000800399a                HAL_Init
 *fill*         0x00000000080039ca        0x2 
 .text.HAL_IncTick
                0x00000000080039cc       0x28 ./Drivers/STM32L4xx_HAL_Driver/Src/stm32l4xx_hal.o
                0x00000000080039cc                HAL_IncTick
 .text.HAL_GetTick
                0x00000000080039f4       0x18 ./Drivers/STM32L4xx_HAL_Driver/Src/stm32l4xx_hal.o
                0x00000000080039f4                HAL_GetTick
 .text.HAL_Delay
                0x0000000008003a0c       0x48 ./Drivers/STM32L4xx_HAL_Driver/Src/stm32l4xx_hal.o
                0x0000000008003a0c                HAL_Delay
 .text.LL_ADC_SetCommonClock
                0x0000000008003a54       0x26 ./Drivers/STM32L4xx_HAL_Driver/Src/stm32l4xx_hal_adc.o
 .text.LL_ADC_SetCommonPathInternalCh
                0x0000000008003a7a       0x26 ./Drivers/STM32L4xx_HAL_Driver/Src/stm32l4xx_hal_adc.o
 .text.LL_ADC_GetCommonPathInternalCh
                0x0000000008003aa0       0x1c ./Drivers/STM32L4xx_HAL_Driver/Src/stm32l4xx_hal_adc.o
 .text.LL_ADC_SetOffset
                0x0000000008003abc       0x48 ./Drivers/STM32L4xx_HAL_Driver/Src/stm32l4xx_hal_adc.o
 .text.LL_ADC_GetOffsetChannel
                0x0000000008003b04       0x2c ./Drivers/STM32L4xx_HAL_Driver/Src/stm32l4xx_hal_adc.o
 .text.LL_ADC_SetOffsetState
                0x0000000008003b30       0x36 ./Drivers/STM32L4xx_HAL_Driver/Src/stm32l4xx_hal_adc.o
 .text.LL_ADC_SetSamplingTimeCommonConfig
                0x0000000008003b66       0x26 ./Drivers/STM32L4xx_HAL_Driver/Src/stm32l4xx_hal_adc.o
 .text.LL_ADC_REG_SetSequencerRanks
                0x0000000008003b8c       0x58 ./Drivers/STM32L4xx_HAL_Driver/Src/stm32l4xx_hal_adc.o
 .text.LL_ADC_SetChannelSamplingTime
                0x0000000008003be4       0x56 ./Drivers/STM32L4xx_HAL_Driver/Src/stm32l4xx_hal_adc.o
 *fill*         0x0000000008003c3a        0x2 
 .text.LL_ADC_SetChannelSingleDiff
                0x0000000008003c3c       0x48 ./Drivers/STM32L4xx_HAL_Driver/Src/stm32l4xx_hal_adc.o
 .text.LL_ADC_DisableDeepPowerDown
                0x0000000008003c84       0x24 ./Drivers/STM32L4xx_HAL_Driver/Src/stm32l4xx_hal_adc.o
 .text.LL_ADC_IsDeepPowerDownEnabled
                0x0000000008003ca8       0x28 ./Drivers/STM32L4xx_HAL_Driver/Src/stm32l4xx_hal_adc.o
 .text.LL_ADC_EnableInternalRegulator
                0x0000000008003cd0       0x28 ./Drivers/STM32L4xx_HAL_Driver/Src/stm32l4xx_hal_adc.o
 .text.LL_ADC_IsInternalRegulatorEnabled
                0x0000000008003cf8       0x28 ./Drivers/STM32L4xx_HAL_Driver/Src/stm32l4xx_hal_adc.o
 .text.LL_ADC_IsEnabled
                0x0000000008003d20       0x26 ./Drivers/STM32L4xx_HAL_Driver/Src/stm32l4xx_hal_adc.o
 .text.LL_ADC_REG_IsConversionOngoing
                0x0000000008003d46       0x26 ./Drivers/STM32L4xx_HAL_Driver/Src/stm32l4xx_hal_adc.o
 .text.LL_ADC_INJ_IsConversionOngoing
                0x0000000008003d6c       0x26 ./Drivers/STM32L4xx_HAL_Driver/Src/stm32l4xx_hal_adc.o
 *fill*         0x0000000008003d92        0x2 
 .text.HAL_ADC_Init
                0x0000000008003d94      0x28c ./Drivers/STM32L4xx_HAL_Driver/Src/stm32l4xx_hal_adc.o
                0x0000000008003d94                HAL_ADC_Init
 .text.HAL_ADC_ConfigChannel
                0x0000000008004020      0x7f8 ./Drivers/STM32L4xx_HAL_Driver/Src/stm32l4xx_hal_adc.o
                0x0000000008004020                HAL_ADC_ConfigChannel
 .text.__NVIC_SetPriorityGrouping
                0x0000000008004818       0x48 ./Drivers/STM32L4xx_HAL_Driver/Src/stm32l4xx_hal_cortex.o
 .text.__NVIC_GetPriorityGrouping
                0x0000000008004860       0x1c ./Drivers/STM32L4xx_HAL_Driver/Src/stm32l4xx_hal_cortex.o
 .text.__NVIC_EnableIRQ
                0x000000000800487c       0x3c ./Drivers/STM32L4xx_HAL_Driver/Src/stm32l4xx_hal_cortex.o
 .text.__NVIC_SetPriority
                0x00000000080048b8       0x54 ./Drivers/STM32L4xx_HAL_Driver/Src/stm32l4xx_hal_cortex.o
 .text.NVIC_EncodePriority
                0x000000000800490c       0x66 ./Drivers/STM32L4xx_HAL_Driver/Src/stm32l4xx_hal_cortex.o
 .text.HAL_NVIC_SetPriorityGrouping
                0x0000000008004972       0x16 ./Drivers/STM32L4xx_HAL_Driver/Src/stm32l4xx_hal_cortex.o
                0x0000000008004972                HAL_NVIC_SetPriorityGrouping
 .text.HAL_NVIC_SetPriority
                0x0000000008004988       0x38 ./Drivers/STM32L4xx_HAL_Driver/Src/stm32l4xx_hal_cortex.o
                0x0000000008004988                HAL_NVIC_SetPriority
 .text.HAL_NVIC_EnableIRQ
                0x00000000080049c0       0x1c ./Drivers/STM32L4xx_HAL_Driver/Src/stm32l4xx_hal_cortex.o
                0x00000000080049c0                HAL_NVIC_EnableIRQ
 .text.HAL_DFSDM_ChannelInit
                0x00000000080049dc      0x180 ./Drivers/STM32L4xx_HAL_Driver/Src/stm32l4xx_hal_dfsdm.o
                0x00000000080049dc                HAL_DFSDM_ChannelInit
 .text.DFSDM_GetChannelFromInstance
                0x0000000008004b5c       0x98 ./Drivers/STM32L4xx_HAL_Driver/Src/stm32l4xx_hal_dfsdm.o
 .text.HAL_DMA_Abort
                0x0000000008004bf4       0xb8 ./Drivers/STM32L4xx_HAL_Driver/Src/stm32l4xx_hal_dma.o
                0x0000000008004bf4                HAL_DMA_Abort
 .text.HAL_DMA_Abort_IT
                0x0000000008004cac       0xbe ./Drivers/STM32L4xx_HAL_Driver/Src/stm32l4xx_hal_dma.o
                0x0000000008004cac                HAL_DMA_Abort_IT
 .text.HAL_DMA_GetState
                0x0000000008004d6a       0x1c ./Drivers/STM32L4xx_HAL_Driver/Src/stm32l4xx_hal_dma.o
                0x0000000008004d6a                HAL_DMA_GetState
 *fill*         0x0000000008004d86        0x2 
 .text.HAL_GPIO_Init
                0x0000000008004d88      0x324 ./Drivers/STM32L4xx_HAL_Driver/Src/stm32l4xx_hal_gpio.o
                0x0000000008004d88                HAL_GPIO_Init
 .text.HAL_GPIO_WritePin
                0x00000000080050ac       0x30 ./Drivers/STM32L4xx_HAL_Driver/Src/stm32l4xx_hal_gpio.o
                0x00000000080050ac                HAL_GPIO_WritePin
 .text.HAL_GPIO_EXTI_IRQHandler
                0x00000000080050dc       0x30 ./Drivers/STM32L4xx_HAL_Driver/Src/stm32l4xx_hal_gpio.o
                0x00000000080050dc                HAL_GPIO_EXTI_IRQHandler
 .text.HAL_I2C_Init
                0x000000000800510c      0x136 ./Drivers/STM32L4xx_HAL_Driver/Src/stm32l4xx_hal_i2c.o
                0x000000000800510c                HAL_I2C_Init
 .text.HAL_I2C_EV_IRQHandler
                0x0000000008005242       0x34 ./Drivers/STM32L4xx_HAL_Driver/Src/stm32l4xx_hal_i2c.o
                0x0000000008005242                HAL_I2C_EV_IRQHandler
 .text.HAL_I2C_ER_IRQHandler
                0x0000000008005276       0xb6 ./Drivers/STM32L4xx_HAL_Driver/Src/stm32l4xx_hal_i2c.o
                0x0000000008005276                HAL_I2C_ER_IRQHandler
 .text.HAL_I2C_SlaveTxCpltCallback
                0x000000000800532c       0x14 ./Drivers/STM32L4xx_HAL_Driver/Src/stm32l4xx_hal_i2c.o
                0x000000000800532c                HAL_I2C_SlaveTxCpltCallback
 .text.HAL_I2C_SlaveRxCpltCallback
                0x0000000008005340       0x14 ./Drivers/STM32L4xx_HAL_Driver/Src/stm32l4xx_hal_i2c.o
                0x0000000008005340                HAL_I2C_SlaveRxCpltCallback
 .text.HAL_I2C_AddrCallback
                0x0000000008005354       0x1c ./Drivers/STM32L4xx_HAL_Driver/Src/stm32l4xx_hal_i2c.o
                0x0000000008005354                HAL_I2C_AddrCallback
 .text.HAL_I2C_ListenCpltCallback
                0x0000000008005370       0x14 ./Drivers/STM32L4xx_HAL_Driver/Src/stm32l4xx_hal_i2c.o
                0x0000000008005370                HAL_I2C_ListenCpltCallback
 .text.HAL_I2C_ErrorCallback
                0x0000000008005384       0x14 ./Drivers/STM32L4xx_HAL_Driver/Src/stm32l4xx_hal_i2c.o
                0x0000000008005384                HAL_I2C_ErrorCallback
 .text.HAL_I2C_AbortCpltCallback
                0x0000000008005398       0x14 ./Drivers/STM32L4xx_HAL_Driver/Src/stm32l4xx_hal_i2c.o
                0x0000000008005398                HAL_I2C_AbortCpltCallback
 .text.I2C_Slave_ISR_IT
                0x00000000080053ac      0x1f0 ./Drivers/STM32L4xx_HAL_Driver/Src/stm32l4xx_hal_i2c.o
 .text.I2C_ITAddrCplt
                0x000000000800559c      0x108 ./Drivers/STM32L4xx_HAL_Driver/Src/stm32l4xx_hal_i2c.o
 .text.I2C_ITSlaveSeqCplt
                0x00000000080056a4       0xb8 ./Drivers/STM32L4xx_HAL_Driver/Src/stm32l4xx_hal_i2c.o
 .text.I2C_ITSlaveCplt
                0x000000000800575c      0x224 ./Drivers/STM32L4xx_HAL_Driver/Src/stm32l4xx_hal_i2c.o
 .text.I2C_ITListenCplt
                0x0000000008005980       0xa8 ./Drivers/STM32L4xx_HAL_Driver/Src/stm32l4xx_hal_i2c.o
 .text.I2C_ITError
                0x0000000008005a28      0x1e0 ./Drivers/STM32L4xx_HAL_Driver/Src/stm32l4xx_hal_i2c.o
 .text.I2C_TreatErrorCallback
                0x0000000008005c08       0x4e ./Drivers/STM32L4xx_HAL_Driver/Src/stm32l4xx_hal_i2c.o
 .text.I2C_Flush_TXDR
                0x0000000008005c56       0x48 ./Drivers/STM32L4xx_HAL_Driver/Src/stm32l4xx_hal_i2c.o
 .text.I2C_DMAAbort
                0x0000000008005c9e       0x3c ./Drivers/STM32L4xx_HAL_Driver/Src/stm32l4xx_hal_i2c.o
 .text.I2C_Disable_IRQ
                0x0000000008005cda       0xbc ./Drivers/STM32L4xx_HAL_Driver/Src/stm32l4xx_hal_i2c.o
 .text.HAL_I2CEx_ConfigAnalogFilter
                0x0000000008005d96       0x96 ./Drivers/STM32L4xx_HAL_Driver/Src/stm32l4xx_hal_i2c_ex.o
                0x0000000008005d96                HAL_I2CEx_ConfigAnalogFilter
 .text.HAL_I2CEx_ConfigDigitalFilter
                0x0000000008005e2c       0x98 ./Drivers/STM32L4xx_HAL_Driver/Src/stm32l4xx_hal_i2c_ex.o
                0x0000000008005e2c                HAL_I2CEx_ConfigDigitalFilter
 .text.HAL_OSPI_Init
                0x0000000008005ec4      0x154 ./Drivers/STM32L4xx_HAL_Driver/Src/stm32l4xx_hal_ospi.o
                0x0000000008005ec4                HAL_OSPI_Init
 .text.HAL_OSPI_SetTimeout
                0x0000000008006018       0x1e ./Drivers/STM32L4xx_HAL_Driver/Src/stm32l4xx_hal_ospi.o
                0x0000000008006018                HAL_OSPI_SetTimeout
 *fill*         0x0000000008006036        0x2 
 .text.HAL_OSPIM_Config
                0x0000000008006038      0x668 ./Drivers/STM32L4xx_HAL_Driver/Src/stm32l4xx_hal_ospi.o
                0x0000000008006038                HAL_OSPIM_Config
 .text.OSPI_WaitFlagStateUntilTimeout
                0x00000000080066a0       0x6e ./Drivers/STM32L4xx_HAL_Driver/Src/stm32l4xx_hal_ospi.o
 *fill*         0x000000000800670e        0x2 
 .text.OSPIM_GetConfig
                0x0000000008006710      0x160 ./Drivers/STM32L4xx_HAL_Driver/Src/stm32l4xx_hal_ospi.o
 .text.HAL_PWR_EnableBkUpAccess
                0x0000000008006870       0x20 ./Drivers/STM32L4xx_HAL_Driver/Src/stm32l4xx_hal_pwr.o
                0x0000000008006870                HAL_PWR_EnableBkUpAccess
 .text.HAL_PWREx_GetVoltageRange
                0x0000000008006890       0x40 ./Drivers/STM32L4xx_HAL_Driver/Src/stm32l4xx_hal_pwr_ex.o
                0x0000000008006890                HAL_PWREx_GetVoltageRange
 .text.HAL_PWREx_ControlVoltageScaling
                0x00000000080068d0      0x148 ./Drivers/STM32L4xx_HAL_Driver/Src/stm32l4xx_hal_pwr_ex.o
                0x00000000080068d0                HAL_PWREx_ControlVoltageScaling
 .text.HAL_RCC_OscConfig
                0x0000000008006a18      0x834 ./Drivers/STM32L4xx_HAL_Driver/Src/stm32l4xx_hal_rcc.o
                0x0000000008006a18                HAL_RCC_OscConfig
 .text.HAL_RCC_ClockConfig
                0x000000000800724c      0x274 ./Drivers/STM32L4xx_HAL_Driver/Src/stm32l4xx_hal_rcc.o
                0x000000000800724c                HAL_RCC_ClockConfig
 .text.HAL_RCC_GetSysClockFreq
                0x00000000080074c0      0x118 ./Drivers/STM32L4xx_HAL_Driver/Src/stm32l4xx_hal_rcc.o
                0x00000000080074c0                HAL_RCC_GetSysClockFreq
 .text.HAL_RCC_GetHCLKFreq
                0x00000000080075d8       0x18 ./Drivers/STM32L4xx_HAL_Driver/Src/stm32l4xx_hal_rcc.o
                0x00000000080075d8                HAL_RCC_GetHCLKFreq
 .text.HAL_RCC_GetPCLK1Freq
                0x00000000080075f0       0x2c ./Drivers/STM32L4xx_HAL_Driver/Src/stm32l4xx_hal_rcc.o
                0x00000000080075f0                HAL_RCC_GetPCLK1Freq
 .text.HAL_RCC_GetPCLK2Freq
                0x000000000800761c       0x2c ./Drivers/STM32L4xx_HAL_Driver/Src/stm32l4xx_hal_rcc.o
                0x000000000800761c                HAL_RCC_GetPCLK2Freq
 .text.HAL_RCC_GetClockConfig
                0x0000000008007648       0x64 ./Drivers/STM32L4xx_HAL_Driver/Src/stm32l4xx_hal_rcc.o
                0x0000000008007648                HAL_RCC_GetClockConfig
 .text.RCC_SetFlashLatencyFromMSIRange
                0x00000000080076ac       0xb4 ./Drivers/STM32L4xx_HAL_Driver/Src/stm32l4xx_hal_rcc.o
 .text.RCC_GetSysClockFreqFromPLLSource
                0x0000000008007760       0xcc ./Drivers/STM32L4xx_HAL_Driver/Src/stm32l4xx_hal_rcc.o
 .text.HAL_RCCEx_PeriphCLKConfig
                0x000000000800782c      0x660 ./Drivers/STM32L4xx_HAL_Driver/Src/stm32l4xx_hal_rcc_ex.o
                0x000000000800782c                HAL_RCCEx_PeriphCLKConfig
 .text.HAL_RCCEx_EnableMSIPLLMode
                0x0000000008007e8c       0x20 ./Drivers/STM32L4xx_HAL_Driver/Src/stm32l4xx_hal_rcc_ex.o
                0x0000000008007e8c                HAL_RCCEx_EnableMSIPLLMode
 .text.RCCEx_PLLSAI1_Config
                0x0000000008007eac      0x1e8 ./Drivers/STM32L4xx_HAL_Driver/Src/stm32l4xx_hal_rcc_ex.o
 .text.RCCEx_PLLSAI2_Config
                0x0000000008008094      0x1e8 ./Drivers/STM32L4xx_HAL_Driver/Src/stm32l4xx_hal_rcc_ex.o
 .text.HAL_SPI_Init
                0x000000000800827c      0x146 ./Drivers/STM32L4xx_HAL_Driver/Src/stm32l4xx_hal_spi.o
                0x000000000800827c                HAL_SPI_Init
 .text.HAL_SPI_Transmit
                0x00000000080083c2      0x2ea ./Drivers/STM32L4xx_HAL_Driver/Src/stm32l4xx_hal_spi.o
                0x00000000080083c2                HAL_SPI_Transmit
 .text.SPI_WaitFlagStateUntilTimeout
                0x00000000080086ac      0x110 ./Drivers/STM32L4xx_HAL_Driver/Src/stm32l4xx_hal_spi.o
 .text.SPI_WaitFifoStateUntilTimeout
                0x00000000080087bc      0x12c ./Drivers/STM32L4xx_HAL_Driver/Src/stm32l4xx_hal_spi.o
 .text.SPI_EndRxTxTransaction
                0x00000000080088e8       0x8c ./Drivers/STM32L4xx_HAL_Driver/Src/stm32l4xx_hal_spi.o
 .text.HAL_TIM_Base_Init
                0x0000000008008974       0xae ./Drivers/STM32L4xx_HAL_Driver/Src/stm32l4xx_hal_tim.o
                0x0000000008008974                HAL_TIM_Base_Init
 .text.HAL_TIM_Base_MspInit
                0x0000000008008a22       0x14 ./Drivers/STM32L4xx_HAL_Driver/Src/stm32l4xx_hal_tim.o
                0x0000000008008a22                HAL_TIM_Base_MspInit
 *fill*         0x0000000008008a36        0x2 
 .text.HAL_TIM_Base_Start_IT
                0x0000000008008a38       0xe0 ./Drivers/STM32L4xx_HAL_Driver/Src/stm32l4xx_hal_tim.o
                0x0000000008008a38                HAL_TIM_Base_Start_IT
 .text.HAL_TIM_IRQHandler
                0x0000000008008b18      0x204 ./Drivers/STM32L4xx_HAL_Driver/Src/stm32l4xx_hal_tim.o
                0x0000000008008b18                HAL_TIM_IRQHandler
 .text.HAL_TIM_OC_DelayElapsedCallback
                0x0000000008008d1c       0x14 ./Drivers/STM32L4xx_HAL_Driver/Src/stm32l4xx_hal_tim.o
                0x0000000008008d1c                HAL_TIM_OC_DelayElapsedCallback
 .text.HAL_TIM_IC_CaptureCallback
                0x0000000008008d30       0x14 ./Drivers/STM32L4xx_HAL_Driver/Src/stm32l4xx_hal_tim.o
                0x0000000008008d30                HAL_TIM_IC_CaptureCallback
 .text.HAL_TIM_PWM_PulseFinishedCallback
                0x0000000008008d44       0x14 ./Drivers/STM32L4xx_HAL_Driver/Src/stm32l4xx_hal_tim.o
                0x0000000008008d44                HAL_TIM_PWM_PulseFinishedCallback
 .text.HAL_TIM_TriggerCallback
                0x0000000008008d58       0x14 ./Drivers/STM32L4xx_HAL_Driver/Src/stm32l4xx_hal_tim.o
                0x0000000008008d58                HAL_TIM_TriggerCallback
 .text.TIM_Base_SetConfig
                0x0000000008008d6c      0x134 ./Drivers/STM32L4xx_HAL_Driver/Src/stm32l4xx_hal_tim.o
                0x0000000008008d6c                TIM_Base_SetConfig
 .text.HAL_TIMEx_CommutCallback
                0x0000000008008ea0       0x14 ./Drivers/STM32L4xx_HAL_Driver/Src/stm32l4xx_hal_tim_ex.o
                0x0000000008008ea0                HAL_TIMEx_CommutCallback
 .text.HAL_TIMEx_BreakCallback
                0x0000000008008eb4       0x14 ./Drivers/STM32L4xx_HAL_Driver/Src/stm32l4xx_hal_tim_ex.o
                0x0000000008008eb4                HAL_TIMEx_BreakCallback
 .text.HAL_TIMEx_Break2Callback
                0x0000000008008ec8       0x14 ./Drivers/STM32L4xx_HAL_Driver/Src/stm32l4xx_hal_tim_ex.o
                0x0000000008008ec8                HAL_TIMEx_Break2Callback
 .text.HAL_UART_Init
                0x0000000008008edc       0xa0 ./Drivers/STM32L4xx_HAL_Driver/Src/stm32l4xx_hal_uart.o
                0x0000000008008edc                HAL_UART_Init
 .text.HAL_UART_Transmit
                0x0000000008008f7c      0x11e ./Drivers/STM32L4xx_HAL_Driver/Src/stm32l4xx_hal_uart.o
                0x0000000008008f7c                HAL_UART_Transmit
 *fill*         0x000000000800909a        0x2 
 .text.HAL_UART_IRQHandler
                0x000000000800909c      0x648 ./Drivers/STM32L4xx_HAL_Driver/Src/stm32l4xx_hal_uart.o
                0x000000000800909c                HAL_UART_IRQHandler
 .text.HAL_UART_TxCpltCallback
                0x00000000080096e4       0x14 ./Drivers/STM32L4xx_HAL_Driver/Src/stm32l4xx_hal_uart.o
                0x00000000080096e4                HAL_UART_TxCpltCallback
 .text.HAL_UART_ErrorCallback
                0x00000000080096f8       0x14 ./Drivers/STM32L4xx_HAL_Driver/Src/stm32l4xx_hal_uart.o
                0x00000000080096f8                HAL_UART_ErrorCallback
 .text.HAL_UARTEx_RxEventCallback
                0x000000000800970c       0x18 ./Drivers/STM32L4xx_HAL_Driver/Src/stm32l4xx_hal_uart.o
                0x000000000800970c                HAL_UARTEx_RxEventCallback
 .text.UART_SetConfig
                0x0000000008009724      0x5f8 ./Drivers/STM32L4xx_HAL_Driver/Src/stm32l4xx_hal_uart.o
                0x0000000008009724                UART_SetConfig
 .text.UART_AdvFeatureConfig
                0x0000000008009d1c      0x144 ./Drivers/STM32L4xx_HAL_Driver/Src/stm32l4xx_hal_uart.o
                0x0000000008009d1c                UART_AdvFeatureConfig
 .text.UART_CheckIdleState
                0x0000000008009e60      0x154 ./Drivers/STM32L4xx_HAL_Driver/Src/stm32l4xx_hal_uart.o
                0x0000000008009e60                UART_CheckIdleState
 .text.UART_WaitOnFlagUntilTimeout
                0x0000000008009fb4       0xce ./Drivers/STM32L4xx_HAL_Driver/Src/stm32l4xx_hal_uart.o
                0x0000000008009fb4                UART_WaitOnFlagUntilTimeout
 .text.UART_EndRxTransfer
                0x000000000800a082       0xcc ./Drivers/STM32L4xx_HAL_Driver/Src/stm32l4xx_hal_uart.o
 .text.UART_DMAAbortOnError
                0x000000000800a14e       0x2c ./Drivers/STM32L4xx_HAL_Driver/Src/stm32l4xx_hal_uart.o
 .text.UART_EndTransmit_IT
                0x000000000800a17a       0x56 ./Drivers/STM32L4xx_HAL_Driver/Src/stm32l4xx_hal_uart.o
 .text.HAL_UARTEx_WakeupCallback
                0x000000000800a1d0       0x14 ./Drivers/STM32L4xx_HAL_Driver/Src/stm32l4xx_hal_uart_ex.o
                0x000000000800a1d0                HAL_UARTEx_WakeupCallback
 .text.HAL_UARTEx_RxFifoFullCallback
                0x000000000800a1e4       0x14 ./Drivers/STM32L4xx_HAL_Driver/Src/stm32l4xx_hal_uart_ex.o
                0x000000000800a1e4                HAL_UARTEx_RxFifoFullCallback
 .text.HAL_UARTEx_TxFifoEmptyCallback
                0x000000000800a1f8       0x14 ./Drivers/STM32L4xx_HAL_Driver/Src/stm32l4xx_hal_uart_ex.o
                0x000000000800a1f8                HAL_UARTEx_TxFifoEmptyCallback
 .text.HAL_UARTEx_DisableFifoMode
                0x000000000800a20c       0x72 ./Drivers/STM32L4xx_HAL_Driver/Src/stm32l4xx_hal_uart_ex.o
                0x000000000800a20c                HAL_UARTEx_DisableFifoMode
 .text.HAL_UARTEx_SetTxFifoThreshold
                0x000000000800a27e       0x7c ./Drivers/STM32L4xx_HAL_Driver/Src/stm32l4xx_hal_uart_ex.o
                0x000000000800a27e                HAL_UARTEx_SetTxFifoThreshold
 .text.HAL_UARTEx_SetRxFifoThreshold
                0x000000000800a2fa       0x7c ./Drivers/STM32L4xx_HAL_Driver/Src/stm32l4xx_hal_uart_ex.o
                0x000000000800a2fa                HAL_UARTEx_SetRxFifoThreshold
 *fill*         0x000000000800a376        0x2 
 .text.UARTEx_SetNbDataToProcess
                0x000000000800a378       0x9c ./Drivers/STM32L4xx_HAL_Driver/Src/stm32l4xx_hal_uart_ex.o
 .text.memset   0x000000000800a414       0x10 C:/ST/STM32CubeIDE_1.13.1/STM32CubeIDE/plugins/com.st.stm32cube.ide.mcu.externaltools.gnu-tools-for-stm32.11.3.rel1.win32_1.1.0.202305231506/tools/bin/../lib/gcc/arm-none-eabi/11.3.1/../../../../arm-none-eabi/lib/thumb/v7e-m+fp/hard\libc_nano.a(libc_a-memset.o)
                0x000000000800a414                memset
 .text.__libc_init_array
                0x000000000800a424       0x48 C:/ST/STM32CubeIDE_1.13.1/STM32CubeIDE/plugins/com.st.stm32cube.ide.mcu.externaltools.gnu-tools-for-stm32.11.3.rel1.win32_1.1.0.202305231506/tools/bin/../lib/gcc/arm-none-eabi/11.3.1/../../../../arm-none-eabi/lib/thumb/v7e-m+fp/hard\libc_nano.a(libc_a-init.o)
                0x000000000800a424                __libc_init_array
 *(.glue_7)
 .glue_7        0x000000000800a46c        0x0 linker stubs
 *(.glue_7t)
 .glue_7t       0x000000000800a46c        0x0 linker stubs
 *(.eh_frame)
 .eh_frame      0x000000000800a46c        0x0 C:/ST/STM32CubeIDE_1.13.1/STM32CubeIDE/plugins/com.st.stm32cube.ide.mcu.externaltools.gnu-tools-for-stm32.11.3.rel1.win32_1.1.0.202305231506/tools/bin/../lib/gcc/arm-none-eabi/11.3.1/thumb/v7e-m+fp/hard/crtbegin.o
 *(.init)
 .init          0x000000000800a46c        0x4 C:/ST/STM32CubeIDE_1.13.1/STM32CubeIDE/plugins/com.st.stm32cube.ide.mcu.externaltools.gnu-tools-for-stm32.11.3.rel1.win32_1.1.0.202305231506/tools/bin/../lib/gcc/arm-none-eabi/11.3.1/thumb/v7e-m+fp/hard/crti.o
                0x000000000800a46c                _init
 .init          0x000000000800a470        0x8 C:/ST/STM32CubeIDE_1.13.1/STM32CubeIDE/plugins/com.st.stm32cube.ide.mcu.externaltools.gnu-tools-for-stm32.11.3.rel1.win32_1.1.0.202305231506/tools/bin/../lib/gcc/arm-none-eabi/11.3.1/thumb/v7e-m+fp/hard/crtn.o
 *(.fini)
 .fini          0x000000000800a478        0x4 C:/ST/STM32CubeIDE_1.13.1/STM32CubeIDE/plugins/com.st.stm32cube.ide.mcu.externaltools.gnu-tools-for-stm32.11.3.rel1.win32_1.1.0.202305231506/tools/bin/../lib/gcc/arm-none-eabi/11.3.1/thumb/v7e-m+fp/hard/crti.o
                0x000000000800a478                _fini
 .fini          0x000000000800a47c        0x8 C:/ST/STM32CubeIDE_1.13.1/STM32CubeIDE/plugins/com.st.stm32cube.ide.mcu.externaltools.gnu-tools-for-stm32.11.3.rel1.win32_1.1.0.202305231506/tools/bin/../lib/gcc/arm-none-eabi/11.3.1/thumb/v7e-m+fp/hard/crtn.o
                0x000000000800a484                . = ALIGN (0x4)
                0x000000000800a484                _etext = .

.vfp11_veneer   0x000000000800a484        0x0
 .vfp11_veneer  0x000000000800a484        0x0 linker stubs

.v4_bx          0x000000000800a484        0x0
 .v4_bx         0x000000000800a484        0x0 linker stubs

.iplt           0x000000000800a484        0x0
 .iplt          0x000000000800a484        0x0 C:/ST/STM32CubeIDE_1.13.1/STM32CubeIDE/plugins/com.st.stm32cube.ide.mcu.externaltools.gnu-tools-for-stm32.11.3.rel1.win32_1.1.0.202305231506/tools/bin/../lib/gcc/arm-none-eabi/11.3.1/thumb/v7e-m+fp/hard/crtbegin.o

.rodata         0x000000000800a484      0x910
                0x000000000800a484                . = ALIGN (0x4)
 *(.rodata)
 .rodata        0x000000000800a484        0x5 ./3rdParty/FreeRTOS/Source/tasks.o
 *fill*         0x000000000800a489        0x3 
 .rodata        0x000000000800a48c       0xb1 ./Core/Src/main.o
 *(.rodata*)
 *fill*         0x000000000800a53d        0x3 
 .rodata.Font7x10
                0x000000000800a540      0x76c ./BSP/st7735/fonts.o
 .rodata.init_cmds1
                0x000000000800acac       0x3b ./BSP/st7735/st7735.o
 *fill*         0x000000000800ace7        0x1 
 .rodata.init_cmds2
                0x000000000800ace8        0xd ./BSP/st7735/st7735.o
 *fill*         0x000000000800acf5        0x3 
 .rodata.init_cmds3
                0x000000000800acf8       0x2b ./BSP/st7735/st7735.o
 *fill*         0x000000000800ad23        0x1 
 .rodata.AHBPrescTable
                0x000000000800ad24       0x10 ./Core/Src/system_stm32l4xx.o
                0x000000000800ad24                AHBPrescTable
 .rodata.APBPrescTable
                0x000000000800ad34        0x8 ./Core/Src/system_stm32l4xx.o
                0x000000000800ad34                APBPrescTable
 .rodata.MSIRangeTable
                0x000000000800ad3c       0x30 ./Core/Src/system_stm32l4xx.o
                0x000000000800ad3c                MSIRangeTable
 .rodata.UARTPrescTable
                0x000000000800ad6c       0x18 ./Drivers/STM32L4xx_HAL_Driver/Src/stm32l4xx_hal_uart.o
                0x000000000800ad6c                UARTPrescTable
 .rodata.numerator.1
                0x000000000800ad84        0x8 ./Drivers/STM32L4xx_HAL_Driver/Src/stm32l4xx_hal_uart_ex.o
 .rodata.denominator.0
                0x000000000800ad8c        0x8 ./Drivers/STM32L4xx_HAL_Driver/Src/stm32l4xx_hal_uart_ex.o
                0x000000000800ad94                . = ALIGN (0x4)

.ARM.extab      0x000000000800ad94        0x0
                0x000000000800ad94                . = ALIGN (0x4)
 *(.ARM.extab* .gnu.linkonce.armextab.*)
                0x000000000800ad94                . = ALIGN (0x4)

.ARM            0x000000000800ad94        0x8
                0x000000000800ad94                . = ALIGN (0x4)
                0x000000000800ad94                __exidx_start = .
 *(.ARM.exidx*)
 .ARM.exidx     0x000000000800ad94        0x8 C:/ST/STM32CubeIDE_1.13.1/STM32CubeIDE/plugins/com.st.stm32cube.ide.mcu.externaltools.gnu-tools-for-stm32.11.3.rel1.win32_1.1.0.202305231506/tools/bin/../lib/gcc/arm-none-eabi/11.3.1/thumb/v7e-m+fp/hard\libgcc.a(_udivmoddi4.o)
                0x000000000800ad9c                __exidx_end = .
                0x000000000800ad9c                . = ALIGN (0x4)

.rel.dyn        0x000000000800ad9c        0x0
 .rel.iplt      0x000000000800ad9c        0x0 C:/ST/STM32CubeIDE_1.13.1/STM32CubeIDE/plugins/com.st.stm32cube.ide.mcu.externaltools.gnu-tools-for-stm32.11.3.rel1.win32_1.1.0.202305231506/tools/bin/../lib/gcc/arm-none-eabi/11.3.1/thumb/v7e-m+fp/hard/crtbegin.o

.preinit_array  0x000000000800ad9c        0x0
                0x000000000800ad9c                . = ALIGN (0x4)
                0x000000000800ad9c                PROVIDE (__preinit_array_start = .)
 *(.preinit_array*)
                0x000000000800ad9c                PROVIDE (__preinit_array_end = .)
                0x000000000800ad9c                . = ALIGN (0x4)

.init_array     0x000000000800ad9c        0x4
                0x000000000800ad9c                . = ALIGN (0x4)
                0x000000000800ad9c                PROVIDE (__init_array_start = .)
 *(SORT_BY_NAME(.init_array.*))
 *(.init_array*)
 .init_array    0x000000000800ad9c        0x4 C:/ST/STM32CubeIDE_1.13.1/STM32CubeIDE/plugins/com.st.stm32cube.ide.mcu.externaltools.gnu-tools-for-stm32.11.3.rel1.win32_1.1.0.202305231506/tools/bin/../lib/gcc/arm-none-eabi/11.3.1/thumb/v7e-m+fp/hard/crtbegin.o
                0x000000000800ada0                PROVIDE (__init_array_end = .)
                0x000000000800ada0                . = ALIGN (0x4)

.fini_array     0x000000000800ada0        0x4
                0x000000000800ada0                . = ALIGN (0x4)
                [!provide]                        PROVIDE (__fini_array_start = .)
 *(SORT_BY_NAME(.fini_array.*))
 *(.fini_array*)
 .fini_array    0x000000000800ada0        0x4 C:/ST/STM32CubeIDE_1.13.1/STM32CubeIDE/plugins/com.st.stm32cube.ide.mcu.externaltools.gnu-tools-for-stm32.11.3.rel1.win32_1.1.0.202305231506/tools/bin/../lib/gcc/arm-none-eabi/11.3.1/thumb/v7e-m+fp/hard/crtbegin.o
                [!provide]                        PROVIDE (__fini_array_end = .)
                0x000000000800ada4                . = ALIGN (0x4)
                0x000000000800ada4                _sidata = LOADADDR (.data)

.data           0x0000000020000000       0x58 load address 0x000000000800ada4
                0x0000000020000000                . = ALIGN (0x4)
                0x0000000020000000                _sdata = .
 *(.data)
 *(.data*)
 .data.uxTopUsedPriority
                0x0000000020000000        0x4 ./3rdParty/FreeRTOS/Source/tasks.o
                0x0000000020000000                uxTopUsedPriority
 .data.uxCriticalNesting
                0x0000000020000004        0x4 ./3rdParty/FreeRTOS/Source/portable/GCC/ARM_CM4F/port.o
 .data.Font_7x10
                0x0000000020000008        0x8 ./BSP/st7735/fonts.o
                0x0000000020000008                Font_7x10
 .data._height  0x0000000020000010        0x2 ./BSP/st7735/st7735.o
 .data._width   0x0000000020000012        0x2 ./BSP/st7735/st7735.o
 .data._xstart  0x0000000020000014        0x1 ./BSP/st7735/st7735.o
 .data._ystart  0x0000000020000015        0x1 ./BSP/st7735/st7735.o
 *fill*         0x0000000020000016        0x2 
 .data.msg      0x0000000020000018       0x32 ./Core/Src/main.o
                0x0000000020000018                msg
 *fill*         0x000000002000004a        0x2 
 .data.SystemCoreClock
                0x000000002000004c        0x4 ./Core/Src/system_stm32l4xx.o
                0x000000002000004c                SystemCoreClock
 .data.uwTickPrio
                0x0000000020000050        0x4 ./Drivers/STM32L4xx_HAL_Driver/Src/stm32l4xx_hal.o
                0x0000000020000050                uwTickPrio
 .data.uwTickFreq
                0x0000000020000054        0x1 ./Drivers/STM32L4xx_HAL_Driver/Src/stm32l4xx_hal.o
                0x0000000020000054                uwTickFreq
 *(.RamFunc)
 *(.RamFunc*)
                0x0000000020000058                . = ALIGN (0x4)
 *fill*         0x0000000020000055        0x3 
                0x0000000020000058                _edata = .

.igot.plt       0x0000000020000058        0x0 load address 0x000000000800adfc
 .igot.plt      0x0000000020000058        0x0 C:/ST/STM32CubeIDE_1.13.1/STM32CubeIDE/plugins/com.st.stm32cube.ide.mcu.externaltools.gnu-tools-for-stm32.11.3.rel1.win32_1.1.0.202305231506/tools/bin/../lib/gcc/arm-none-eabi/11.3.1/thumb/v7e-m+fp/hard/crtbegin.o
                0x0000000020000058                . = ALIGN (0x4)

.bss            0x0000000020000058     0x1260 load address 0x000000000800adfc
                0x0000000020000058                _sbss = .
                0x0000000020000058                __bss_start__ = _sbss
 *(.bss)
 .bss           0x0000000020000058       0x1c C:/ST/STM32CubeIDE_1.13.1/STM32CubeIDE/plugins/com.st.stm32cube.ide.mcu.externaltools.gnu-tools-for-stm32.11.3.rel1.win32_1.1.0.202305231506/tools/bin/../lib/gcc/arm-none-eabi/11.3.1/thumb/v7e-m+fp/hard/crtbegin.o
 *(.bss*)
 .bss.pxCurrentTCB
                0x0000000020000074        0x4 ./3rdParty/FreeRTOS/Source/tasks.o
                0x0000000020000074                pxCurrentTCB
 .bss.pxReadyTasksLists
                0x0000000020000078       0x8c ./3rdParty/FreeRTOS/Source/tasks.o
 .bss.xDelayedTaskList1
                0x0000000020000104       0x14 ./3rdParty/FreeRTOS/Source/tasks.o
 .bss.xDelayedTaskList2
                0x0000000020000118       0x14 ./3rdParty/FreeRTOS/Source/tasks.o
 .bss.pxDelayedTaskList
                0x000000002000012c        0x4 ./3rdParty/FreeRTOS/Source/tasks.o
 .bss.pxOverflowDelayedTaskList
                0x0000000020000130        0x4 ./3rdParty/FreeRTOS/Source/tasks.o
 .bss.xPendingReadyList
                0x0000000020000134       0x14 ./3rdParty/FreeRTOS/Source/tasks.o
 .bss.xTasksWaitingTermination
                0x0000000020000148       0x14 ./3rdParty/FreeRTOS/Source/tasks.o
 .bss.uxDeletedTasksWaitingCleanUp
                0x000000002000015c        0x4 ./3rdParty/FreeRTOS/Source/tasks.o
 .bss.xSuspendedTaskList
                0x0000000020000160       0x14 ./3rdParty/FreeRTOS/Source/tasks.o
 .bss.uxCurrentNumberOfTasks
                0x0000000020000174        0x4 ./3rdParty/FreeRTOS/Source/tasks.o
 .bss.xTickCount
                0x0000000020000178        0x4 ./3rdParty/FreeRTOS/Source/tasks.o
 .bss.uxTopReadyPriority
                0x000000002000017c        0x4 ./3rdParty/FreeRTOS/Source/tasks.o
 .bss.xSchedulerRunning
                0x0000000020000180        0x4 ./3rdParty/FreeRTOS/Source/tasks.o
 .bss.xPendedTicks
                0x0000000020000184        0x4 ./3rdParty/FreeRTOS/Source/tasks.o
 .bss.xYieldPending
                0x0000000020000188        0x4 ./3rdParty/FreeRTOS/Source/tasks.o
 .bss.xNumOfOverflows
                0x000000002000018c        0x4 ./3rdParty/FreeRTOS/Source/tasks.o
 .bss.uxTaskNumber
                0x0000000020000190        0x4 ./3rdParty/FreeRTOS/Source/tasks.o
 .bss.xNextTaskUnblockTime
                0x0000000020000194        0x4 ./3rdParty/FreeRTOS/Source/tasks.o
 .bss.xIdleTaskHandle
                0x0000000020000198        0x4 ./3rdParty/FreeRTOS/Source/tasks.o
 .bss.uxSchedulerSuspended
                0x000000002000019c        0x4 ./3rdParty/FreeRTOS/Source/tasks.o
 .bss.ucMaxSysCallPriority
                0x00000000200001a0        0x1 ./3rdParty/FreeRTOS/Source/portable/GCC/ARM_CM4F/port.o
 *fill*         0x00000000200001a1        0x3 
 .bss.ulMaxPRIGROUPValue
                0x00000000200001a4        0x4 ./3rdParty/FreeRTOS/Source/portable/GCC/ARM_CM4F/port.o
 .bss.ucHeap    0x00000000200001a8      0xbb8 ./3rdParty/FreeRTOS/Source/portable/MemMang/heap_4.o
 .bss.xStart    0x0000000020000d60        0x8 ./3rdParty/FreeRTOS/Source/portable/MemMang/heap_4.o
 .bss.pxEnd     0x0000000020000d68        0x4 ./3rdParty/FreeRTOS/Source/portable/MemMang/heap_4.o
 .bss.xFreeBytesRemaining
                0x0000000020000d6c        0x4 ./3rdParty/FreeRTOS/Source/portable/MemMang/heap_4.o
 .bss.xMinimumEverFreeBytesRemaining
                0x0000000020000d70        0x4 ./3rdParty/FreeRTOS/Source/portable/MemMang/heap_4.o
 .bss.xNumberOfSuccessfulAllocations
                0x0000000020000d74        0x4 ./3rdParty/FreeRTOS/Source/portable/MemMang/heap_4.o
 .bss.xNumberOfSuccessfulFrees
                0x0000000020000d78        0x4 ./3rdParty/FreeRTOS/Source/portable/MemMang/heap_4.o
 .bss.pSOS_Transmit
                0x0000000020000d7c        0x4 ./Core/Src/main.o
                0x0000000020000d7c                pSOS_Transmit
 .bss.LastWakeTime
                0x0000000020000d80        0x4 ./Core/Src/main.o
                0x0000000020000d80                LastWakeTime
 .bss.pUART_SendMsg
                0x0000000020000d84        0x4 ./Core/Src/main.o
                0x0000000020000d84                pUART_SendMsg
 .bss.repeat    0x0000000020000d88        0x1 ./Core/Src/main.o
                0x0000000020000d88                repeat
 *fill*         0x0000000020000d89        0x3 
 .bss.pLCDDisplay
                0x0000000020000d8c        0x4 ./Core/Src/main.o
                0x0000000020000d8c                pLCDDisplay
 .bss.hadc1     0x0000000020000d90       0x68 ./Core/Src/main.o
                0x0000000020000d90                hadc1
 .bss.hdfsdm1_channel2
                0x0000000020000df8       0x38 ./Core/Src/main.o
                0x0000000020000df8                hdfsdm1_channel2
 .bss.hi2c1     0x0000000020000e30       0x54 ./Core/Src/main.o
                0x0000000020000e30                hi2c1
 .bss.hi2c2     0x0000000020000e84       0x54 ./Core/Src/main.o
                0x0000000020000e84                hi2c2
 .bss.hospi1    0x0000000020000ed8       0x50 ./Core/Src/main.o
                0x0000000020000ed8                hospi1
 .bss.hspi1     0x0000000020000f28       0x64 ./Core/Src/main.o
                0x0000000020000f28                hspi1
 .bss.hspi3     0x0000000020000f8c       0x64 ./Core/Src/main.o
                0x0000000020000f8c                hspi3
 .bss.huart4    0x0000000020000ff0       0x94 ./Core/Src/main.o
                0x0000000020000ff0                huart4
 .bss.huart1    0x0000000020001084       0x94 ./Core/Src/main.o
                0x0000000020001084                huart1
 .bss.huart2    0x0000000020001118       0x94 ./Core/Src/main.o
                0x0000000020001118                huart2
 .bss.huart3    0x00000000200011ac       0x94 ./Core/Src/main.o
                0x00000000200011ac                huart3
 .bss.DFSDM1_Init
                0x0000000020001240        0x4 ./Core/Src/stm32l4xx_hal_msp.o
 .bss.htim6     0x0000000020001244       0x4c ./Core/Src/stm32l4xx_hal_timebase_tim.o
                0x0000000020001244                htim6
 .bss.uwTick    0x0000000020001290        0x4 ./Drivers/STM32L4xx_HAL_Driver/Src/stm32l4xx_hal.o
                0x0000000020001290                uwTick
 .bss.v_dfsdm1ChannelCounter
                0x0000000020001294        0x4 ./Drivers/STM32L4xx_HAL_Driver/Src/stm32l4xx_hal_dfsdm.o
 .bss.a_dfsdm1ChannelHandle
                0x0000000020001298       0x20 ./Drivers/STM32L4xx_HAL_Driver/Src/stm32l4xx_hal_dfsdm.o
 *(COMMON)
                0x00000000200012b8                . = ALIGN (0x4)
                0x00000000200012b8                _ebss = .
                0x00000000200012b8                __bss_end__ = _ebss

._user_heap_stack
                0x00000000200012b8      0x600 load address 0x000000000800adfc
                0x00000000200012b8                . = ALIGN (0x8)
                [!provide]                        PROVIDE (end = .)
                0x00000000200012b8                PROVIDE (_end = .)
                0x00000000200014b8                . = (. + _Min_Heap_Size)
 *fill*         0x00000000200012b8      0x200 
                0x00000000200018b8                . = (. + _Min_Stack_Size)
 *fill*         0x00000000200014b8      0x400 
                0x00000000200018b8                . = ALIGN (0x8)

/DISCARD/
 libc.a(*)
 libm.a(*)
 libgcc.a(*)

.ARM.attributes
                0x0000000000000000       0x30
 *(.ARM.attributes)
 .ARM.attributes
                0x0000000000000000       0x1e C:/ST/STM32CubeIDE_1.13.1/STM32CubeIDE/plugins/com.st.stm32cube.ide.mcu.externaltools.gnu-tools-for-stm32.11.3.rel1.win32_1.1.0.202305231506/tools/bin/../lib/gcc/arm-none-eabi/11.3.1/thumb/v7e-m+fp/hard/crti.o
 .ARM.attributes
                0x000000000000001e       0x34 C:/ST/STM32CubeIDE_1.13.1/STM32CubeIDE/plugins/com.st.stm32cube.ide.mcu.externaltools.gnu-tools-for-stm32.11.3.rel1.win32_1.1.0.202305231506/tools/bin/../lib/gcc/arm-none-eabi/11.3.1/thumb/v7e-m+fp/hard/crtbegin.o
 .ARM.attributes
                0x0000000000000052       0x34 ./3rdParty/FreeRTOS/Source/list.o
 .ARM.attributes
                0x0000000000000086       0x34 ./3rdParty/FreeRTOS/Source/tasks.o
 .ARM.attributes
                0x00000000000000ba       0x34 ./3rdParty/FreeRTOS/Source/portable/GCC/ARM_CM4F/port.o
 .ARM.attributes
                0x00000000000000ee       0x34 ./3rdParty/FreeRTOS/Source/portable/MemMang/heap_4.o
 .ARM.attributes
                0x0000000000000122       0x34 ./BSP/st7735/fonts.o
 .ARM.attributes
                0x0000000000000156       0x34 ./BSP/st7735/st7735.o
 .ARM.attributes
                0x000000000000018a       0x34 ./Core/Src/main.o
 .ARM.attributes
                0x00000000000001be       0x34 ./Core/Src/stm32l4xx_hal_msp.o
 .ARM.attributes
                0x00000000000001f2       0x34 ./Core/Src/stm32l4xx_hal_timebase_tim.o
 .ARM.attributes
                0x0000000000000226       0x34 ./Core/Src/stm32l4xx_it.o
 .ARM.attributes
                0x000000000000025a       0x34 ./Core/Src/system_stm32l4xx.o
 .ARM.attributes
                0x000000000000028e       0x21 ./Core/Startup/startup_stm32l4s5vitx.o
 .ARM.attributes
                0x00000000000002af       0x34 ./Drivers/STM32L4xx_HAL_Driver/Src/stm32l4xx_hal.o
 .ARM.attributes
                0x00000000000002e3       0x34 ./Drivers/STM32L4xx_HAL_Driver/Src/stm32l4xx_hal_adc.o
 .ARM.attributes
                0x0000000000000317       0x34 ./Drivers/STM32L4xx_HAL_Driver/Src/stm32l4xx_hal_cortex.o
 .ARM.attributes
                0x000000000000034b       0x34 ./Drivers/STM32L4xx_HAL_Driver/Src/stm32l4xx_hal_dfsdm.o
 .ARM.attributes
                0x000000000000037f       0x34 ./Drivers/STM32L4xx_HAL_Driver/Src/stm32l4xx_hal_dma.o
 .ARM.attributes
                0x00000000000003b3       0x34 ./Drivers/STM32L4xx_HAL_Driver/Src/stm32l4xx_hal_gpio.o
 .ARM.attributes
                0x00000000000003e7       0x34 ./Drivers/STM32L4xx_HAL_Driver/Src/stm32l4xx_hal_i2c.o
 .ARM.attributes
                0x000000000000041b       0x34 ./Drivers/STM32L4xx_HAL_Driver/Src/stm32l4xx_hal_i2c_ex.o
 .ARM.attributes
                0x000000000000044f       0x34 ./Drivers/STM32L4xx_HAL_Driver/Src/stm32l4xx_hal_ospi.o
 .ARM.attributes
                0x0000000000000483       0x34 ./Drivers/STM32L4xx_HAL_Driver/Src/stm32l4xx_hal_pwr.o
 .ARM.attributes
                0x00000000000004b7       0x34 ./Drivers/STM32L4xx_HAL_Driver/Src/stm32l4xx_hal_pwr_ex.o
 .ARM.attributes
                0x00000000000004eb       0x34 ./Drivers/STM32L4xx_HAL_Driver/Src/stm32l4xx_hal_rcc.o
 .ARM.attributes
                0x000000000000051f       0x34 ./Drivers/STM32L4xx_HAL_Driver/Src/stm32l4xx_hal_rcc_ex.o
 .ARM.attributes
                0x0000000000000553       0x34 ./Drivers/STM32L4xx_HAL_Driver/Src/stm32l4xx_hal_spi.o
 .ARM.attributes
                0x0000000000000587       0x34 ./Drivers/STM32L4xx_HAL_Driver/Src/stm32l4xx_hal_tim.o
 .ARM.attributes
                0x00000000000005bb       0x34 ./Drivers/STM32L4xx_HAL_Driver/Src/stm32l4xx_hal_tim_ex.o
 .ARM.attributes
                0x00000000000005ef       0x34 ./Drivers/STM32L4xx_HAL_Driver/Src/stm32l4xx_hal_uart.o
 .ARM.attributes
                0x0000000000000623       0x34 ./Drivers/STM32L4xx_HAL_Driver/Src/stm32l4xx_hal_uart_ex.o
 .ARM.attributes
                0x0000000000000657       0x34 C:/ST/STM32CubeIDE_1.13.1/STM32CubeIDE/plugins/com.st.stm32cube.ide.mcu.externaltools.gnu-tools-for-stm32.11.3.rel1.win32_1.1.0.202305231506/tools/bin/../lib/gcc/arm-none-eabi/11.3.1/../../../../arm-none-eabi/lib/thumb/v7e-m+fp/hard\libc_nano.a(libc_a-memset.o)
 .ARM.attributes
                0x000000000000068b       0x34 C:/ST/STM32CubeIDE_1.13.1/STM32CubeIDE/plugins/com.st.stm32cube.ide.mcu.externaltools.gnu-tools-for-stm32.11.3.rel1.win32_1.1.0.202305231506/tools/bin/../lib/gcc/arm-none-eabi/11.3.1/../../../../arm-none-eabi/lib/thumb/v7e-m+fp/hard\libc_nano.a(libc_a-init.o)
 .ARM.attributes
                0x00000000000006bf       0x17 C:/ST/STM32CubeIDE_1.13.1/STM32CubeIDE/plugins/com.st.stm32cube.ide.mcu.externaltools.gnu-tools-for-stm32.11.3.rel1.win32_1.1.0.202305231506/tools/bin/../lib/gcc/arm-none-eabi/11.3.1/../../../../arm-none-eabi/lib/thumb/v7e-m+fp/hard\libc_nano.a(libc_a-strlen.o)
 .ARM.attributes
                0x00000000000006d6       0x1e C:/ST/STM32CubeIDE_1.13.1/STM32CubeIDE/plugins/com.st.stm32cube.ide.mcu.externaltools.gnu-tools-for-stm32.11.3.rel1.win32_1.1.0.202305231506/tools/bin/../lib/gcc/arm-none-eabi/11.3.1/thumb/v7e-m+fp/hard\libgcc.a(_aeabi_uldivmod.o)
 .ARM.attributes
                0x00000000000006f4       0x34 C:/ST/STM32CubeIDE_1.13.1/STM32CubeIDE/plugins/com.st.stm32cube.ide.mcu.externaltools.gnu-tools-for-stm32.11.3.rel1.win32_1.1.0.202305231506/tools/bin/../lib/gcc/arm-none-eabi/11.3.1/thumb/v7e-m+fp/hard\libgcc.a(_udivmoddi4.o)
 .ARM.attributes
                0x0000000000000728       0x1e C:/ST/STM32CubeIDE_1.13.1/STM32CubeIDE/plugins/com.st.stm32cube.ide.mcu.externaltools.gnu-tools-for-stm32.11.3.rel1.win32_1.1.0.202305231506/tools/bin/../lib/gcc/arm-none-eabi/11.3.1/thumb/v7e-m+fp/hard\libgcc.a(_dvmd_tls.o)
 .ARM.attributes
                0x0000000000000746       0x1e C:/ST/STM32CubeIDE_1.13.1/STM32CubeIDE/plugins/com.st.stm32cube.ide.mcu.externaltools.gnu-tools-for-stm32.11.3.rel1.win32_1.1.0.202305231506/tools/bin/../lib/gcc/arm-none-eabi/11.3.1/thumb/v7e-m+fp/hard/crtn.o
OUTPUT(Module7_SPI_LCD.elf elf32-littlearm)
LOAD linker stubs
LOAD C:/ST/STM32CubeIDE_1.13.1/STM32CubeIDE/plugins/com.st.stm32cube.ide.mcu.externaltools.gnu-tools-for-stm32.11.3.rel1.win32_1.1.0.202305231506/tools/bin/../lib/gcc/arm-none-eabi/11.3.1/../../../../arm-none-eabi/lib/thumb/v7e-m+fp/hard\libc.a
LOAD C:/ST/STM32CubeIDE_1.13.1/STM32CubeIDE/plugins/com.st.stm32cube.ide.mcu.externaltools.gnu-tools-for-stm32.11.3.rel1.win32_1.1.0.202305231506/tools/bin/../lib/gcc/arm-none-eabi/11.3.1/../../../../arm-none-eabi/lib/thumb/v7e-m+fp/hard\libm.a
LOAD C:/ST/STM32CubeIDE_1.13.1/STM32CubeIDE/plugins/com.st.stm32cube.ide.mcu.externaltools.gnu-tools-for-stm32.11.3.rel1.win32_1.1.0.202305231506/tools/bin/../lib/gcc/arm-none-eabi/11.3.1/thumb/v7e-m+fp/hard\libgcc.a

.comment        0x0000000000000000       0x43
 .comment       0x0000000000000000       0x43 C:/ST/STM32CubeIDE_1.13.1/STM32CubeIDE/plugins/com.st.stm32cube.ide.mcu.externaltools.gnu-tools-for-stm32.11.3.rel1.win32_1.1.0.202305231506/tools/bin/../lib/gcc/arm-none-eabi/11.3.1/thumb/v7e-m+fp/hard/crtbegin.o
                                         0x44 (size before relaxing)
 .comment       0x0000000000000043       0x44 ./3rdParty/FreeRTOS/Source/list.o
 .comment       0x0000000000000043       0x44 ./3rdParty/FreeRTOS/Source/tasks.o
 .comment       0x0000000000000043       0x44 ./3rdParty/FreeRTOS/Source/portable/GCC/ARM_CM4F/port.o
 .comment       0x0000000000000043       0x44 ./3rdParty/FreeRTOS/Source/portable/MemMang/heap_4.o
 .comment       0x0000000000000043       0x44 ./BSP/st7735/fonts.o
 .comment       0x0000000000000043       0x44 ./BSP/st7735/st7735.o
 .comment       0x0000000000000043       0x44 ./Core/Src/main.o
 .comment       0x0000000000000043       0x44 ./Core/Src/stm32l4xx_hal_msp.o
 .comment       0x0000000000000043       0x44 ./Core/Src/stm32l4xx_hal_timebase_tim.o
 .comment       0x0000000000000043       0x44 ./Core/Src/stm32l4xx_it.o
 .comment       0x0000000000000043       0x44 ./Core/Src/system_stm32l4xx.o
 .comment       0x0000000000000043       0x44 ./Drivers/STM32L4xx_HAL_Driver/Src/stm32l4xx_hal.o
 .comment       0x0000000000000043       0x44 ./Drivers/STM32L4xx_HAL_Driver/Src/stm32l4xx_hal_adc.o
 .comment       0x0000000000000043       0x44 ./Drivers/STM32L4xx_HAL_Driver/Src/stm32l4xx_hal_cortex.o
 .comment       0x0000000000000043       0x44 ./Drivers/STM32L4xx_HAL_Driver/Src/stm32l4xx_hal_dfsdm.o
 .comment       0x0000000000000043       0x44 ./Drivers/STM32L4xx_HAL_Driver/Src/stm32l4xx_hal_dma.o
 .comment       0x0000000000000043       0x44 ./Drivers/STM32L4xx_HAL_Driver/Src/stm32l4xx_hal_gpio.o
 .comment       0x0000000000000043       0x44 ./Drivers/STM32L4xx_HAL_Driver/Src/stm32l4xx_hal_i2c.o
 .comment       0x0000000000000043       0x44 ./Drivers/STM32L4xx_HAL_Driver/Src/stm32l4xx_hal_i2c_ex.o
 .comment       0x0000000000000043       0x44 ./Drivers/STM32L4xx_HAL_Driver/Src/stm32l4xx_hal_ospi.o
 .comment       0x0000000000000043       0x44 ./Drivers/STM32L4xx_HAL_Driver/Src/stm32l4xx_hal_pwr.o
 .comment       0x0000000000000043       0x44 ./Drivers/STM32L4xx_HAL_Driver/Src/stm32l4xx_hal_pwr_ex.o
 .comment       0x0000000000000043       0x44 ./Drivers/STM32L4xx_HAL_Driver/Src/stm32l4xx_hal_rcc.o
 .comment       0x0000000000000043       0x44 ./Drivers/STM32L4xx_HAL_Driver/Src/stm32l4xx_hal_rcc_ex.o
 .comment       0x0000000000000043       0x44 ./Drivers/STM32L4xx_HAL_Driver/Src/stm32l4xx_hal_spi.o
 .comment       0x0000000000000043       0x44 ./Drivers/STM32L4xx_HAL_Driver/Src/stm32l4xx_hal_tim.o
 .comment       0x0000000000000043       0x44 ./Drivers/STM32L4xx_HAL_Driver/Src/stm32l4xx_hal_tim_ex.o
 .comment       0x0000000000000043       0x44 ./Drivers/STM32L4xx_HAL_Driver/Src/stm32l4xx_hal_uart.o
 .comment       0x0000000000000043       0x44 ./Drivers/STM32L4xx_HAL_Driver/Src/stm32l4xx_hal_uart_ex.o

.debug_info     0x0000000000000000    0x2508d
 .debug_info    0x0000000000000000      0x2af ./3rdParty/FreeRTOS/Source/list.o
 .debug_info    0x00000000000002af     0x1f9d ./3rdParty/FreeRTOS/Source/tasks.o
 .debug_info    0x000000000000224c      0x4e1 ./3rdParty/FreeRTOS/Source/portable/GCC/ARM_CM4F/port.o
 .debug_info    0x000000000000272d      0x521 ./3rdParty/FreeRTOS/Source/portable/MemMang/heap_4.o
 .debug_info    0x0000000000002c4e      0x19a ./BSP/st7735/fonts.o
 .debug_info    0x0000000000002de8     0x17ac ./BSP/st7735/st7735.o
 .debug_info    0x0000000000004594     0x3595 ./Core/Src/main.o
 .debug_info    0x0000000000007b29     0x2557 ./Core/Src/stm32l4xx_hal_msp.o
 .debug_info    0x000000000000a080      0xdfd ./Core/Src/stm32l4xx_hal_timebase_tim.o
 .debug_info    0x000000000000ae7d      0xfaa ./Core/Src/stm32l4xx_it.o
 .debug_info    0x000000000000be27      0x5e9 ./Core/Src/system_stm32l4xx.o
 .debug_info    0x000000000000c410       0x23 ./Core/Startup/startup_stm32l4s5vitx.o
 .debug_info    0x000000000000c433      0xb4f ./Drivers/STM32L4xx_HAL_Driver/Src/stm32l4xx_hal.o
 .debug_info    0x000000000000cf82     0x1e20 ./Drivers/STM32L4xx_HAL_Driver/Src/stm32l4xx_hal_adc.o
 .debug_info    0x000000000000eda2      0xd6a ./Drivers/STM32L4xx_HAL_Driver/Src/stm32l4xx_hal_cortex.o
 .debug_info    0x000000000000fb0c     0x1b78 ./Drivers/STM32L4xx_HAL_Driver/Src/stm32l4xx_hal_dfsdm.o
 .debug_info    0x0000000000011684      0x841 ./Drivers/STM32L4xx_HAL_Driver/Src/stm32l4xx_hal_dma.o
 .debug_info    0x0000000000011ec5      0x787 ./Drivers/STM32L4xx_HAL_Driver/Src/stm32l4xx_hal_gpio.o
 .debug_info    0x000000000001264c     0x21ab ./Drivers/STM32L4xx_HAL_Driver/Src/stm32l4xx_hal_i2c.o
 .debug_info    0x00000000000147f7      0xb09 ./Drivers/STM32L4xx_HAL_Driver/Src/stm32l4xx_hal_i2c_ex.o
 .debug_info    0x0000000000015300     0x180d ./Drivers/STM32L4xx_HAL_Driver/Src/stm32l4xx_hal_ospi.o
 .debug_info    0x0000000000016b0d      0x99e ./Drivers/STM32L4xx_HAL_Driver/Src/stm32l4xx_hal_pwr.o
 .debug_info    0x00000000000174ab      0xa0a ./Drivers/STM32L4xx_HAL_Driver/Src/stm32l4xx_hal_pwr_ex.o
 .debug_info    0x0000000000017eb5      0xd32 ./Drivers/STM32L4xx_HAL_Driver/Src/stm32l4xx_hal_rcc.o
 .debug_info    0x0000000000018be7     0x1167 ./Drivers/STM32L4xx_HAL_Driver/Src/stm32l4xx_hal_rcc_ex.o
 .debug_info    0x0000000000019d4e     0x172e ./Drivers/STM32L4xx_HAL_Driver/Src/stm32l4xx_hal_spi.o
 .debug_info    0x000000000001b47c     0x2bc0 ./Drivers/STM32L4xx_HAL_Driver/Src/stm32l4xx_hal_tim.o
 .debug_info    0x000000000001e03c     0x17c4 ./Drivers/STM32L4xx_HAL_Driver/Src/stm32l4xx_hal_tim_ex.o
 .debug_info    0x000000000001f800     0x4875 ./Drivers/STM32L4xx_HAL_Driver/Src/stm32l4xx_hal_uart.o
 .debug_info    0x0000000000024075     0x1018 ./Drivers/STM32L4xx_HAL_Driver/Src/stm32l4xx_hal_uart_ex.o

.debug_abbrev   0x0000000000000000     0x4348
 .debug_abbrev  0x0000000000000000       0xf5 ./3rdParty/FreeRTOS/Source/list.o
 .debug_abbrev  0x00000000000000f5      0x34a ./3rdParty/FreeRTOS/Source/tasks.o
 .debug_abbrev  0x000000000000043f      0x25a ./3rdParty/FreeRTOS/Source/portable/GCC/ARM_CM4F/port.o
 .debug_abbrev  0x0000000000000699      0x256 ./3rdParty/FreeRTOS/Source/portable/MemMang/heap_4.o
 .debug_abbrev  0x00000000000008ef       0xb3 ./BSP/st7735/fonts.o
 .debug_abbrev  0x00000000000009a2      0x2c5 ./BSP/st7735/st7735.o
 .debug_abbrev  0x0000000000000c67      0x3f1 ./Core/Src/main.o
 .debug_abbrev  0x0000000000001058      0x256 ./Core/Src/stm32l4xx_hal_msp.o
 .debug_abbrev  0x00000000000012ae      0x1f2 ./Core/Src/stm32l4xx_hal_timebase_tim.o
 .debug_abbrev  0x00000000000014a0      0x191 ./Core/Src/stm32l4xx_it.o
 .debug_abbrev  0x0000000000001631      0x11a ./Core/Src/system_stm32l4xx.o
 .debug_abbrev  0x000000000000174b       0x12 ./Core/Startup/startup_stm32l4s5vitx.o
 .debug_abbrev  0x000000000000175d      0x242 ./Drivers/STM32L4xx_HAL_Driver/Src/stm32l4xx_hal.o
 .debug_abbrev  0x000000000000199f      0x2d4 ./Drivers/STM32L4xx_HAL_Driver/Src/stm32l4xx_hal_adc.o
 .debug_abbrev  0x0000000000001c73      0x327 ./Drivers/STM32L4xx_HAL_Driver/Src/stm32l4xx_hal_cortex.o
 .debug_abbrev  0x0000000000001f9a      0x27b ./Drivers/STM32L4xx_HAL_Driver/Src/stm32l4xx_hal_dfsdm.o
 .debug_abbrev  0x0000000000002215      0x1e2 ./Drivers/STM32L4xx_HAL_Driver/Src/stm32l4xx_hal_dma.o
 .debug_abbrev  0x00000000000023f7      0x1cb ./Drivers/STM32L4xx_HAL_Driver/Src/stm32l4xx_hal_gpio.o
 .debug_abbrev  0x00000000000025c2      0x25e ./Drivers/STM32L4xx_HAL_Driver/Src/stm32l4xx_hal_i2c.o
 .debug_abbrev  0x0000000000002820      0x1c0 ./Drivers/STM32L4xx_HAL_Driver/Src/stm32l4xx_hal_i2c_ex.o
 .debug_abbrev  0x00000000000029e0      0x2be ./Drivers/STM32L4xx_HAL_Driver/Src/stm32l4xx_hal_ospi.o
 .debug_abbrev  0x0000000000002c9e      0x1d4 ./Drivers/STM32L4xx_HAL_Driver/Src/stm32l4xx_hal_pwr.o
 .debug_abbrev  0x0000000000002e72      0x1f9 ./Drivers/STM32L4xx_HAL_Driver/Src/stm32l4xx_hal_pwr_ex.o
 .debug_abbrev  0x000000000000306b      0x306 ./Drivers/STM32L4xx_HAL_Driver/Src/stm32l4xx_hal_rcc.o
 .debug_abbrev  0x0000000000003371      0x2a3 ./Drivers/STM32L4xx_HAL_Driver/Src/stm32l4xx_hal_rcc_ex.o
 .debug_abbrev  0x0000000000003614      0x267 ./Drivers/STM32L4xx_HAL_Driver/Src/stm32l4xx_hal_spi.o
 .debug_abbrev  0x000000000000387b      0x276 ./Drivers/STM32L4xx_HAL_Driver/Src/stm32l4xx_hal_tim.o
 .debug_abbrev  0x0000000000003af1      0x281 ./Drivers/STM32L4xx_HAL_Driver/Src/stm32l4xx_hal_tim_ex.o
 .debug_abbrev  0x0000000000003d72      0x304 ./Drivers/STM32L4xx_HAL_Driver/Src/stm32l4xx_hal_uart.o
 .debug_abbrev  0x0000000000004076      0x2d2 ./Drivers/STM32L4xx_HAL_Driver/Src/stm32l4xx_hal_uart_ex.o

.debug_aranges  0x0000000000000000     0x2068
 .debug_aranges
                0x0000000000000000       0x40 ./3rdParty/FreeRTOS/Source/list.o
 .debug_aranges
                0x0000000000000040      0x1b8 ./3rdParty/FreeRTOS/Source/tasks.o
 .debug_aranges
                0x00000000000001f8       0x80 ./3rdParty/FreeRTOS/Source/portable/GCC/ARM_CM4F/port.o
 .debug_aranges
                0x0000000000000278       0x60 ./3rdParty/FreeRTOS/Source/portable/MemMang/heap_4.o
 .debug_aranges
                0x00000000000002d8       0x18 ./BSP/st7735/fonts.o
 .debug_aranges
                0x00000000000002f0      0x130 ./BSP/st7735/st7735.o
 .debug_aranges
                0x0000000000000420      0x110 ./Core/Src/main.o
 .debug_aranges
                0x0000000000000530       0x80 ./Core/Src/stm32l4xx_hal_msp.o
 .debug_aranges
                0x00000000000005b0       0x30 ./Core/Src/stm32l4xx_hal_timebase_tim.o
 .debug_aranges
                0x00000000000005e0       0x78 ./Core/Src/stm32l4xx_it.o
 .debug_aranges
                0x0000000000000658       0x28 ./Core/Src/system_stm32l4xx.o
 .debug_aranges
                0x0000000000000680       0x28 ./Core/Startup/startup_stm32l4s5vitx.o
 .debug_aranges
                0x00000000000006a8      0x130 ./Drivers/STM32L4xx_HAL_Driver/Src/stm32l4xx_hal.o
 .debug_aranges
                0x00000000000007d8      0x218 ./Drivers/STM32L4xx_HAL_Driver/Src/stm32l4xx_hal_adc.o
 .debug_aranges
                0x00000000000009f0      0x118 ./Drivers/STM32L4xx_HAL_Driver/Src/stm32l4xx_hal_cortex.o
 .debug_aranges
                0x0000000000000b08      0x248 ./Drivers/STM32L4xx_HAL_Driver/Src/stm32l4xx_hal_dfsdm.o
 .debug_aranges
                0x0000000000000d50       0x90 ./Drivers/STM32L4xx_HAL_Driver/Src/stm32l4xx_hal_dma.o
 .debug_aranges
                0x0000000000000de0       0x58 ./Drivers/STM32L4xx_HAL_Driver/Src/stm32l4xx_hal_gpio.o
 .debug_aranges
                0x0000000000000e38      0x2a0 ./Drivers/STM32L4xx_HAL_Driver/Src/stm32l4xx_hal_i2c.o
 .debug_aranges
                0x00000000000010d8       0x48 ./Drivers/STM32L4xx_HAL_Driver/Src/stm32l4xx_hal_i2c_ex.o
 .debug_aranges
                0x0000000000001120      0x170 ./Drivers/STM32L4xx_HAL_Driver/Src/stm32l4xx_hal_ospi.o
 .debug_aranges
                0x0000000000001290       0x98 ./Drivers/STM32L4xx_HAL_Driver/Src/stm32l4xx_hal_pwr.o
 .debug_aranges
                0x0000000000001328      0x170 ./Drivers/STM32L4xx_HAL_Driver/Src/stm32l4xx_hal_pwr_ex.o
 .debug_aranges
                0x0000000000001498       0x98 ./Drivers/STM32L4xx_HAL_Driver/Src/stm32l4xx_hal_rcc.o
 .debug_aranges
                0x0000000000001530      0x110 ./Drivers/STM32L4xx_HAL_Driver/Src/stm32l4xx_hal_rcc_ex.o
 .debug_aranges
                0x0000000000001640      0x1d8 ./Drivers/STM32L4xx_HAL_Driver/Src/stm32l4xx_hal_spi.o
 .debug_aranges
                0x0000000000001818      0x3e0 ./Drivers/STM32L4xx_HAL_Driver/Src/stm32l4xx_hal_tim.o
 .debug_aranges
                0x0000000000001bf8      0x180 ./Drivers/STM32L4xx_HAL_Driver/Src/stm32l4xx_hal_tim_ex.o
 .debug_aranges
                0x0000000000001d78      0x248 ./Drivers/STM32L4xx_HAL_Driver/Src/stm32l4xx_hal_uart.o
 .debug_aranges
                0x0000000000001fc0       0xa8 ./Drivers/STM32L4xx_HAL_Driver/Src/stm32l4xx_hal_uart_ex.o

.debug_rnglists
                0x0000000000000000     0x1961
 .debug_rnglists
                0x0000000000000000       0x2b ./3rdParty/FreeRTOS/Source/list.o
 .debug_rnglists
                0x000000000000002b      0x160 ./3rdParty/FreeRTOS/Source/tasks.o
 .debug_rnglists
                0x000000000000018b       0x5d ./3rdParty/FreeRTOS/Source/portable/GCC/ARM_CM4F/port.o
 .debug_rnglists
                0x00000000000001e8       0x48 ./3rdParty/FreeRTOS/Source/portable/MemMang/heap_4.o
 .debug_rnglists
                0x0000000000000230       0xf4 ./BSP/st7735/st7735.o
 .debug_rnglists
                0x0000000000000324       0xd6 ./Core/Src/main.o
 .debug_rnglists
                0x00000000000003fa       0x63 ./Core/Src/stm32l4xx_hal_msp.o
 .debug_rnglists
                0x000000000000045d       0x20 ./Core/Src/stm32l4xx_hal_timebase_tim.o
 .debug_rnglists
                0x000000000000047d       0x55 ./Core/Src/stm32l4xx_it.o
 .debug_rnglists
                0x00000000000004d2       0x1a ./Core/Src/system_stm32l4xx.o
 .debug_rnglists
                0x00000000000004ec       0x19 ./Core/Startup/startup_stm32l4s5vitx.o
 .debug_rnglists
                0x0000000000000505       0xdf ./Drivers/STM32L4xx_HAL_Driver/Src/stm32l4xx_hal.o
 .debug_rnglists
                0x00000000000005e4      0x19c ./Drivers/STM32L4xx_HAL_Driver/Src/stm32l4xx_hal_adc.o
 .debug_rnglists
                0x0000000000000780       0xce ./Drivers/STM32L4xx_HAL_Driver/Src/stm32l4xx_hal_cortex.o
 .debug_rnglists
                0x000000000000084e      0x1c7 ./Drivers/STM32L4xx_HAL_Driver/Src/stm32l4xx_hal_dfsdm.o
 .debug_rnglists
                0x0000000000000a15       0x71 ./Drivers/STM32L4xx_HAL_Driver/Src/stm32l4xx_hal_dma.o
 .debug_rnglists
                0x0000000000000a86       0x3f ./Drivers/STM32L4xx_HAL_Driver/Src/stm32l4xx_hal_gpio.o
 .debug_rnglists
                0x0000000000000ac5      0x228 ./Drivers/STM32L4xx_HAL_Driver/Src/stm32l4xx_hal_i2c.o
 .debug_rnglists
                0x0000000000000ced       0x35 ./Drivers/STM32L4xx_HAL_Driver/Src/stm32l4xx_hal_i2c_ex.o
 .debug_rnglists
                0x0000000000000d22      0x122 ./Drivers/STM32L4xx_HAL_Driver/Src/stm32l4xx_hal_ospi.o
 .debug_rnglists
                0x0000000000000e44       0x6e ./Drivers/STM32L4xx_HAL_Driver/Src/stm32l4xx_hal_pwr.o
 .debug_rnglists
                0x0000000000000eb2      0x115 ./Drivers/STM32L4xx_HAL_Driver/Src/stm32l4xx_hal_pwr_ex.o
 .debug_rnglists
                0x0000000000000fc7       0x74 ./Drivers/STM32L4xx_HAL_Driver/Src/stm32l4xx_hal_rcc.o
 .debug_rnglists
                0x000000000000103b       0xd4 ./Drivers/STM32L4xx_HAL_Driver/Src/stm32l4xx_hal_rcc_ex.o
 .debug_rnglists
                0x000000000000110f      0x178 ./Drivers/STM32L4xx_HAL_Driver/Src/stm32l4xx_hal_spi.o
 .debug_rnglists
                0x0000000000001287      0x328 ./Drivers/STM32L4xx_HAL_Driver/Src/stm32l4xx_hal_tim.o
 .debug_rnglists
                0x00000000000015af      0x139 ./Drivers/STM32L4xx_HAL_Driver/Src/stm32l4xx_hal_tim_ex.o
 .debug_rnglists
                0x00000000000016e8      0x1fa ./Drivers/STM32L4xx_HAL_Driver/Src/stm32l4xx_hal_uart.o
 .debug_rnglists
                0x00000000000018e2       0x7f ./Drivers/STM32L4xx_HAL_Driver/Src/stm32l4xx_hal_uart_ex.o

.debug_macro    0x0000000000000000    0x2e8ad
 .debug_macro   0x0000000000000000      0x198 ./3rdParty/FreeRTOS/Source/list.o
 .debug_macro   0x0000000000000198      0x27e ./3rdParty/FreeRTOS/Source/tasks.o
 .debug_macro   0x0000000000000416       0x17 ./3rdParty/FreeRTOS/Source/tasks.o
 .debug_macro   0x000000000000042d      0x1a7 ./3rdParty/FreeRTOS/Source/portable/GCC/ARM_CM4F/port.o
 .debug_macro   0x00000000000005d4      0x219 ./3rdParty/FreeRTOS/Source/portable/MemMang/heap_4.o
 .debug_macro   0x00000000000007ed       0x6d ./BSP/st7735/fonts.o
 .debug_macro   0x000000000000085a      0x390 ./BSP/st7735/st7735.o
 .debug_macro   0x0000000000000bea       0x22 ./BSP/st7735/st7735.o
 .debug_macro   0x0000000000000c0c      0x1c5 ./BSP/st7735/st7735.o
 .debug_macro   0x0000000000000dd1       0x2e ./BSP/st7735/st7735.o
 .debug_macro   0x0000000000000dff       0x28 ./BSP/st7735/st7735.o
 .debug_macro   0x0000000000000e27       0x1c ./BSP/st7735/st7735.o
 .debug_macro   0x0000000000000e43       0x22 ./BSP/st7735/st7735.o
 .debug_macro   0x0000000000000e65       0xfb ./BSP/st7735/st7735.o
 .debug_macro   0x0000000000000f60     0x1011 ./BSP/st7735/st7735.o
 .debug_macro   0x0000000000001f71      0x11f ./BSP/st7735/st7735.o
 .debug_macro   0x0000000000002090    0x1d292 ./BSP/st7735/st7735.o
 .debug_macro   0x000000000001f322       0x6d ./BSP/st7735/st7735.o
 .debug_macro   0x000000000001f38f     0x38ed ./BSP/st7735/st7735.o
 .debug_macro   0x0000000000022c7c       0x5c ./BSP/st7735/st7735.o
 .debug_macro   0x0000000000022cd8     0x1910 ./BSP/st7735/st7735.o
 .debug_macro   0x00000000000245e8      0x7dc ./BSP/st7735/st7735.o
 .debug_macro   0x0000000000024dc4      0x1b9 ./BSP/st7735/st7735.o
 .debug_macro   0x0000000000024f7d      0x225 ./BSP/st7735/st7735.o
 .debug_macro   0x00000000000251a2      0x486 ./BSP/st7735/st7735.o
 .debug_macro   0x0000000000025628      0x1ce ./BSP/st7735/st7735.o
 .debug_macro   0x00000000000257f6       0x43 ./BSP/st7735/st7735.o
 .debug_macro   0x0000000000025839      0x1fb ./BSP/st7735/st7735.o
 .debug_macro   0x0000000000025a34       0x10 ./BSP/st7735/st7735.o
 .debug_macro   0x0000000000025a44       0xb3 ./BSP/st7735/st7735.o
 .debug_macro   0x0000000000025af7      0x23d ./BSP/st7735/st7735.o
 .debug_macro   0x0000000000025d34      0xe02 ./BSP/st7735/st7735.o
 .debug_macro   0x0000000000026b36      0x624 ./BSP/st7735/st7735.o
 .debug_macro   0x000000000002715a      0x24f ./BSP/st7735/st7735.o
 .debug_macro   0x00000000000273a9      0x241 ./BSP/st7735/st7735.o
 .debug_macro   0x00000000000275ea      0x416 ./BSP/st7735/st7735.o
 .debug_macro   0x0000000000027a00       0x1c ./BSP/st7735/st7735.o
 .debug_macro   0x0000000000027a1c       0xf2 ./BSP/st7735/st7735.o
 .debug_macro   0x0000000000027b0e      0x22c ./BSP/st7735/st7735.o
 .debug_macro   0x0000000000027d3a       0x61 ./BSP/st7735/st7735.o
 .debug_macro   0x0000000000027d9b       0xa5 ./BSP/st7735/st7735.o
 .debug_macro   0x0000000000027e40      0x486 ./BSP/st7735/st7735.o
 .debug_macro   0x00000000000282c6      0x122 ./BSP/st7735/st7735.o
 .debug_macro   0x00000000000283e8      0x3f6 ./BSP/st7735/st7735.o
 .debug_macro   0x00000000000287de      0x2fe ./BSP/st7735/st7735.o
 .debug_macro   0x0000000000028adc      0xa98 ./BSP/st7735/st7735.o
 .debug_macro   0x0000000000029574      0x196 ./BSP/st7735/st7735.o
 .debug_macro   0x000000000002970a      0x693 ./BSP/st7735/st7735.o
 .debug_macro   0x0000000000029d9d       0xa6 ./BSP/st7735/st7735.o
 .debug_macro   0x0000000000029e43      0x432 ./BSP/st7735/st7735.o
 .debug_macro   0x000000000002a275      0x44a ./BSP/st7735/st7735.o
 .debug_macro   0x000000000002a6bf       0x40 ./BSP/st7735/st7735.o
 .debug_macro   0x000000000002a6ff      0x154 ./BSP/st7735/st7735.o
 .debug_macro   0x000000000002a853      0x453 ./Core/Src/main.o
 .debug_macro   0x000000000002aca6       0xeb ./Core/Src/main.o
 .debug_macro   0x000000000002ad91      0x1c0 ./Core/Src/main.o
 .debug_macro   0x000000000002af51      0x15f ./Core/Src/main.o
 .debug_macro   0x000000000002b0b0      0x19b ./Core/Src/main.o
 .debug_macro   0x000000000002b24b       0x1c ./Core/Src/main.o
 .debug_macro   0x000000000002b267       0x10 ./Core/Src/main.o
 .debug_macro   0x000000000002b277       0x1c ./Core/Src/main.o
 .debug_macro   0x000000000002b293       0x16 ./Core/Src/main.o
 .debug_macro   0x000000000002b2a9      0x147 ./Core/Src/main.o
 .debug_macro   0x000000000002b3f0       0x46 ./Core/Src/main.o
 .debug_macro   0x000000000002b436      0x251 ./Core/Src/stm32l4xx_hal_msp.o
 .debug_macro   0x000000000002b687      0x242 ./Core/Src/stm32l4xx_hal_timebase_tim.o
 .debug_macro   0x000000000002b8c9      0x25b ./Core/Src/stm32l4xx_it.o
 .debug_macro   0x000000000002bb24      0x242 ./Core/Src/system_stm32l4xx.o
 .debug_macro   0x000000000002bd66      0x290 ./Drivers/STM32L4xx_HAL_Driver/Src/stm32l4xx_hal.o
 .debug_macro   0x000000000002bff6      0x25f ./Drivers/STM32L4xx_HAL_Driver/Src/stm32l4xx_hal_adc.o