../Core/Src/main.c:94:5:main	24	static
../Core/Src/main.c:210:6:SystemClock_Config	96	static
../Core/Src/main.c:267:6:PeriphCommonClock_Config	160	static
../Core/Src/main.c:294:13:MX_ADC1_Init	32	static
../Core/Src/main.c:352:13:MX_DFSDM1_Init	8	static
../Core/Src/main.c:390:13:MX_I2C1_Init	8	static
../Core/Src/main.c:438:13:MX_I2C2_Init	8	static
../Core/Src/main.c:486:13:MX_OCTOSPI1_Init	32	static
../Core/Src/main.c:534:13:MX_SPI1_Init	8	static
../Core/Src/main.c:574:13:MX_SPI3_Init	8	static
../Core/Src/main.c:614:13:MX_UART4_Init	8	static
../Core/Src/main.c:662:13:MX_USART1_UART_Init	8	static
../Core/Src/main.c:710:13:MX_USART2_UART_Init	8	static
../Core/Src/main.c:758:13:MX_USART3_UART_Init	8	static
../Core/Src/main.c:806:13:MX_USB_OTG_FS_USB_Init	4	static
../Core/Src/main.c:827:13:MX_GPIO_Init	56	static
../Core/Src/main.c:966:13:MyLED2_init	4	static
../Core/Src/main.c:999:13:MyButton_init	16	static
../Core/Src/main.c:1045:6:HAL_GPIO_EXTI_Callback	16	static
../Core/Src/main.c:1060:6:HAL_TIM_PeriodElapsedCallback	16	static
../Core/Src/main.c:1077:6:Error_Handler	4	static,ignoring_inline_asm
