../Core/Src/main.c:94:5:main	64	static
../Core/Src/main.c:160:6:SystemClock_Config	96	static
../Core/Src/main.c:217:6:PeriphCommonClock_Config	160	static
../Core/Src/main.c:244:13:MX_ADC1_Init	32	static
../Core/Src/main.c:302:13:MX_DFSDM1_Init	8	static
../Core/Src/main.c:340:13:MX_I2C1_Init	8	static
../Core/Src/main.c:388:13:MX_I2C2_Init	8	static
../Core/Src/main.c:436:13:MX_OCTOSPI1_Init	32	static
../Core/Src/main.c:484:13:MX_SPI1_Init	8	static
../Core/Src/main.c:524:13:MX_SPI3_Init	8	static
../Core/Src/main.c:564:13:MX_UART4_Init	8	static
../Core/Src/main.c:612:13:MX_USART1_UART_Init	8	static
../Core/Src/main.c:660:13:MX_USART2_UART_Init	8	static
../Core/Src/main.c:708:13:MX_USART3_UART_Init	8	static
../Core/Src/main.c:756:13:MX_USB_OTG_FS_USB_Init	4	static
../Core/Src/main.c:777:13:MX_GPIO_Init	56	static
../Core/Src/main.c:916:6:Error_Handler	4	static,ignoring_inline_asm
